D:\2026\Techport\TPApp\TPApp\Entities\ApplicationUser.cs(17,53): warning CS8765: Nullability of type of parameter 'value' doesn't match overridden member (possibly because of nullability attributes). [D:\2026\Techport\TPApp\TPApp\TPApp.csproj]
D:\2026\Techport\TPApp\TPApp\Views\Project\Steps\_Step4.cshtml(6,33): warning CS0108: 'Views_Project_Steps__Step4.Context' hides inherited member 'RazorPage.Context'. Use the new keyword if hiding was intended. [D:\2026\Techport\TPApp\TPApp\TPApp.csproj]
D:\2026\Techport\TPApp\TPApp\ViewModel\TimKiemDoiTacPortletItemVm.cs(6,23): warning CS8618: Non-nullable property 'TenSanPham' must contain a non-null value when exiting constructor. Consider adding the 'required' modifier or declaring the property as nullable. [D:\2026\Techport\TPApp\TPApp\TPApp.csproj]
D:\2026\Techport\TPApp\TPApp\ViewModel\TimKiemDoiTacPortletItemVm.cs(7,23): warning CS8618: Non-nullable property 'FullName' must contain a non-null value when exiting constructor. Consider adding the 'required' modifier or declaring the property as nullable. [D:\2026\Techport\TPApp\TPApp\TPApp.csproj]
D:\2026\Techport\TPApp\TPApp\ViewModel\TimKiemDoiTacPortletItemVm.cs(8,23): warning CS8618: Non-nullable property 'ImageUrl' must contain a non-null value when exiting constructor. Consider adding the 'required' modifier or declaring the property as nullable. [D:\2026\Techport\TPApp\TPApp\TPApp.csproj]
D:\2026\Techport\TPApp\TPApp\ViewModel\TimKiemDoiTacPortletItemVm.cs(10,23): warning CS8618: Non-nullable property 'Url' must contain a non-null value when exiting constructor. Consider adding the 'required' modifier or declaring the property as nullable. [D:\2026\Techport\TPApp\TPApp\TPApp.csproj]
D:\2026\Techport\TPApp\TPApp\ViewComponent\TimKiemDoiTacPortletViewComponent.cs(50,26): warning CS8601: Possible null reference assignment. [D:\2026\Techport\TPApp\TPApp\TPApp.csproj]
D:\2026\Techport\TPApp\TPApp\ViewComponent\TimKiemDoiTacPortletViewComponent.cs(51,24): warning CS8601: Possible null reference assignment. [D:\2026\Techport\TPApp\TPApp\TPApp.csproj]
D:\2026\Techport\TPApp\TPApp\ViewComponent\MenuLeftViewComponent.cs(41,17): warning CS8602: Dereference of a possibly null reference. [D:\2026\Techport\TPApp\TPApp\TPApp.csproj]
D:\2026\Techport\TPApp\TPApp\ViewModel\ProductIndexViewModel.cs(13,25): warning CS8618: Non-nullable property 'Category' must contain a non-null value when exiting constructor. Consider adding the 'required' modifier or declaring the property as nullable. [D:\2026\Techport\TPApp\TPApp\TPApp.csproj]
D:\2026\Techport\TPApp\TPApp\ViewModel\ProductDetailViewModel.cs(41,23): warning CS8618: Non-nullable property 'Keyword' must contain a non-null value when exiting constructor. Consider adding the 'required' modifier or declaring the property as nullable. [D:\2026\Techport\TPApp\TPApp\TPApp.csproj]
D:\2026\Techport\TPApp\TPApp\ViewModel\ProductDetailViewModel.cs(7,28): warning CS8618: Non-nullable property 'Product' must contain a non-null value when exiting constructor. Consider adding the 'required' modifier or declaring the property as nullable. [D:\2026\Techport\TPApp\TPApp\TPApp.csproj]
D:\2026\Techport\TPApp\TPApp\ViewModel\ProductDetailViewModel.cs(9,23): warning CS8618: Non-nullable property 'CategoryTitle' must contain a non-null value when exiting constructor. Consider adding the 'required' modifier or declaring the property as nullable. [D:\2026\Techport\TPApp\TPApp\TPApp.csproj]
D:\2026\Techport\TPApp\TPApp\ViewModel\ProductDetailViewModel.cs(12,23): warning CS8618: Non-nullable property 'SupplierName' must contain a non-null value when exiting constructor. Consider adding the 'required' modifier or declaring the property as nullable. [D:\2026\Techport\TPApp\TPApp\TPApp.csproj]
D:\2026\Techport\TPApp\TPApp\ViewModel\ProductDetailViewModel.cs(13,23): warning CS8618: Non-nullable property 'SupplierUrl' must contain a non-null value when exiting constructor. Consider adding the 'required' modifier or declaring the property as nullable. [D:\2026\Techport\TPApp\TPApp\TPApp.csproj]
D:\2026\Techport\TPApp\TPApp\ViewModel\ProductDetailViewModel.cs(15,31): warning CS8618: Non-nullable property 'Industries' must contain a non-null value when exiting constructor. Consider adding the 'required' modifier or declaring the property as nullable. [D:\2026\Techport\TPApp\TPApp\TPApp.csproj]
D:\2026\Techport\TPApp\TPApp\ViewModel\ProductDetailViewModel.cs(16,33): warning CS8618: Non-nullable property 'Suppliers' must contain a non-null value when exiting constructor. Consider adding the 'required' modifier or declaring the property as nullable. [D:\2026\Techport\TPApp\TPApp\TPApp.csproj]
D:\2026\Techport\TPApp\TPApp\ViewModel\ProductDetailViewModel.cs(18,30): warning CS8618: Non-nullable property 'Images' must contain a non-null value when exiting constructor. Consider adding the 'required' modifier or declaring the property as nullable. [D:\2026\Techport\TPApp\TPApp\TPApp.csproj]
D:\2026\Techport\TPApp\TPApp\ViewModel\ProductDetailViewModel.cs(19,31): warning CS8618: Non-nullable property 'RelatedCategories' must contain a non-null value when exiting constructor. Consider adding the 'required' modifier or declaring the property as nullable. [D:\2026\Techport\TPApp\TPApp\TPApp.csproj]
D:\2026\Techport\TPApp\TPApp\ViewModel\ProductDetailViewModel.cs(21,32): warning CS8618: Non-nullable property 'Keywords' must contain a non-null value when exiting constructor. Consider adding the 'required' modifier or declaring the property as nullable. [D:\2026\Techport\TPApp\TPApp\TPApp.csproj]
D:\2026\Techport\TPApp\TPApp\ViewModel\ProductDetailViewModel.cs(24,43): warning CS8618: Non-nullable property 'RelatedProducts' must contain a non-null value when exiting constructor. Consider adding the 'required' modifier or declaring the property as nullable. [D:\2026\Techport\TPApp\TPApp\TPApp.csproj]
D:\2026\Techport\TPApp\TPApp\ViewModel\ProductDetailViewModel.cs(31,23): warning CS8618: Non-nullable property 'YoutubeEmbedUrl' must contain a non-null value when exiting constructor. Consider adding the 'required' modifier or declaring the property as nullable. [D:\2026\Techport\TPApp\TPApp\TPApp.csproj]
D:\2026\Techport\TPApp\TPApp\ViewModel\ProductDetailViewModel.cs(32,23): warning CS8618: Non-nullable property 'VideoFileUrl' must contain a non-null value when exiting constructor. Consider adding the 'required' modifier or declaring the property as nullable. [D:\2026\Techport\TPApp\TPApp\TPApp.csproj]
D:\2026\Techport\TPApp\TPApp\ViewModel\ProductByCateViewModel.cs(29,23): warning CS8618: Non-nullable property 'Title' must contain a non-null value when exiting constructor. Consider adding the 'required' modifier or declaring the property as nullable. [D:\2026\Techport\TPApp\TPApp\TPApp.csproj]
D:\2026\Techport\TPApp\TPApp\ViewModel\ProductByCateViewModel.cs(30,23): warning CS8618: Non-nullable property 'Url' must contain a non-null value when exiting constructor. Consider adding the 'required' modifier or declaring the property as nullable. [D:\2026\Techport\TPApp\TPApp\TPApp.csproj]
D:\2026\Techport\TPApp\TPApp\ViewModel\ProductByCateViewModel.cs(31,23): warning CS8618: Non-nullable property 'ImageUrl' must contain a non-null value when exiting constructor. Consider adding the 'required' modifier or declaring the property as nullable. [D:\2026\Techport\TPApp\TPApp\TPApp.csproj]
D:\2026\Techport\TPApp\TPApp\ViewModel\ProductByCateViewModel.cs(32,23): warning CS8618: Non-nullable property 'PriceText' must contain a non-null value when exiting constructor. Consider adding the 'required' modifier or declaring the property as nullable. [D:\2026\Techport\TPApp\TPApp\TPApp.csproj]
D:\2026\Techport\TPApp\TPApp\ViewModel\ProductByCateViewModel.cs(33,23): warning CS8618: Non-nullable property 'Code' must contain a non-null value when exiting constructor. Consider adding the 'required' modifier or declaring the property as nullable. [D:\2026\Techport\TPApp\TPApp\TPApp.csproj]
D:\2026\Techport\TPApp\TPApp\ViewModel\ProductByCateViewModel.cs(23,23): warning CS8618: Non-nullable property 'Title' must contain a non-null value when exiting constructor. Consider adding the 'required' modifier or declaring the property as nullable. [D:\2026\Techport\TPApp\TPApp\TPApp.csproj]
D:\2026\Techport\TPApp\TPApp\ViewModel\ProductByCateViewModel.cs(24,23): warning CS8618: Non-nullable property 'Url' must contain a non-null value when exiting constructor. Consider adding the 'required' modifier or declaring the property as nullable. [D:\2026\Techport\TPApp\TPApp\TPApp.csproj]
D:\2026\Techport\TPApp\TPApp\ViewModel\ProductByCateViewModel.cs(7,23): warning CS8618: Non-nullable property 'CateTitle' must contain a non-null value when exiting constructor. Consider adding the 'required' modifier or declaring the property as nullable. [D:\2026\Techport\TPApp\TPApp\TPApp.csproj]
D:\2026\Techport\TPApp\TPApp\ViewModel\ProductByCateViewModel.cs(8,23): warning CS8618: Non-nullable property 'PageTitle' must contain a non-null value when exiting constructor. Consider adding the 'required' modifier or declaring the property as nullable. [D:\2026\Techport\TPApp\TPApp\TPApp.csproj]
D:\2026\Techport\TPApp\TPApp\ViewModel\ForumPortletNhieuNhatVm.cs(18,23): warning CS8618: Non-nullable property 'Name' must contain a non-null value when exiting constructor. Consider adding the 'required' modifier or declaring the property as nullable. [D:\2026\Techport\TPApp\TPApp\TPApp.csproj]
D:\2026\Techport\TPApp\TPApp\ViewModel\ForumPortletNhieuNhatVm.cs(12,23): warning CS8618: Non-nullable property 'FullName' must contain a non-null value when exiting constructor. Consider adding the 'required' modifier or declaring the property as nullable. [D:\2026\Techport\TPApp\TPApp\TPApp.csproj]
D:\2026\Techport\TPApp\TPApp\ViewModel\ForumIndexVm.cs(32,40): warning CS8618: Non-nullable property 'PortletNhieunhat' must contain a non-null value when exiting constructor. Consider adding the 'required' modifier or declaring the property as nullable. [D:\2026\Techport\TPApp\TPApp\TPApp.csproj]
D:\2026\Techport\TPApp\TPApp\ViewModel\ForumIndexVm.cs(33,37): warning CS8618: Non-nullable property 'PortletDangMo' must contain a non-null value when exiting constructor. Consider adding the 'required' modifier or declaring the property as nullable. [D:\2026\Techport\TPApp\TPApp\TPApp.csproj]
D:\2026\Techport\TPApp\TPApp\ViewModel\ForumIndexVm.cs(34,37): warning CS8618: Non-nullable property 'PortletTinTuc' must contain a non-null value when exiting constructor. Consider adding the 'required' modifier or declaring the property as nullable. [D:\2026\Techport\TPApp\TPApp\TPApp.csproj]
D:\2026\Techport\TPApp\TPApp\ViewModel\ForumIndexVm.cs(35,47): warning CS8618: Non-nullable property 'PortletGiaiPhapCongNghe' must contain a non-null value when exiting constructor. Consider adding the 'required' modifier or declaring the property as nullable. [D:\2026\Techport\TPApp\TPApp\TPApp.csproj]
D:\2026\Techport\TPApp\TPApp\ViewModel\DichVuTuVanVm.cs(34,23): warning CS8618: Non-nullable property 'Value' must contain a non-null value when exiting constructor. Consider adding the 'required' modifier or declaring the property as nullable. [D:\2026\Techport\TPApp\TPApp\TPApp.csproj]
D:\2026\Techport\TPApp\TPApp\ViewModel\DichVuTuVanVm.cs(35,23): warning CS8618: Non-nullable property 'Text' must contain a non-null value when exiting constructor. Consider adding the 'required' modifier or declaring the property as nullable. [D:\2026\Techport\TPApp\TPApp\TPApp.csproj]
D:\2026\Techport\TPApp\TPApp\ViewModel\DichVuTuVanVm.cs(6,30): warning CS8618: Non-nullable property 'DichVuTuVan' must contain a non-null value when exiting constructor. Consider adding the 'required' modifier or declaring the property as nullable. [D:\2026\Techport\TPApp\TPApp\TPApp.csproj]
D:\2026\Techport\TPApp\TPApp\ViewModel\ChiTietNhaTuVanVm.cs(37,23): warning CS8618: Non-nullable property 'Url' must contain a non-null value when exiting constructor. Consider adding the 'required' modifier or declaring the property as nullable. [D:\2026\Techport\TPApp\TPApp\TPApp.csproj]
D:\2026\Techport\TPApp\TPApp\Application\Services\SearchService.cs(361,53): warning CS8602: Dereference of a possibly null reference. [D:\2026\Techport\TPApp\TPApp\TPApp.csproj]
D:\2026\Techport\TPApp\TPApp\Application\Services\SearchService.cs(363,24): warning CS8619: Nullability of reference types in value of type 'List<AISearchResultGroup?>' doesn't match target type 'List<AISearchResultGroup>'. [D:\2026\Techport\TPApp\TPApp\TPApp.csproj]
D:\2026\Techport\TPApp\TPApp\ViewComponents\SellerMenuItemsViewComponent.cs(20,49): warning CS1998: This async method lacks 'await' operators and will run synchronously. Consider using the 'await' operator to await non-blocking API calls, or 'await Task.Run(...)' to do CPU-bound work on a background thread. [D:\2026\Techport\TPApp\TPApp\TPApp.csproj]
D:\2026\Techport\TPApp\TPApp\Controllers\TimKiemDoiTacController.cs(65,30): warning CS8601: Possible null reference assignment. [D:\2026\Techport\TPApp\TPApp\TPApp.csproj]
D:\2026\Techport\TPApp\TPApp\Controllers\TimKiemDoiTacController.cs(66,28): warning CS8601: Possible null reference assignment. [D:\2026\Techport\TPApp\TPApp\TPApp.csproj]
D:\2026\Techport\TPApp\TPApp\Controllers\TimKiemDoiTacController.cs(67,28): warning CS8601: Possible null reference assignment. [D:\2026\Techport\TPApp\TPApp\TPApp.csproj]
D:\2026\Techport\TPApp\TPApp\Controllers\TimKiemDoiTacController.cs(68,26): warning CS8601: Possible null reference assignment. [D:\2026\Techport\TPApp\TPApp\TPApp.csproj]
D:\2026\Techport\TPApp\TPApp\Controllers\TimKiemDoiTacController.cs(69,25): warning CS8601: Possible null reference assignment. [D:\2026\Techport\TPApp\TPApp\TPApp.csproj]
D:\2026\Techport\TPApp\TPApp\Controllers\TimKiemDoiTacController.cs(70,25): warning CS8601: Possible null reference assignment. [D:\2026\Techport\TPApp\TPApp\TPApp.csproj]
D:\2026\Techport\TPApp\TPApp\Controllers\TimKiemDoiTacController.cs(71,24): warning CS8601: Possible null reference assignment. [D:\2026\Techport\TPApp\TPApp\TPApp.csproj]
D:\2026\Techport\TPApp\TPApp\Controllers\TimKiemDoiTacController.cs(72,28): warning CS8601: Possible null reference assignment. [D:\2026\Techport\TPApp\TPApp\TPApp.csproj]
D:\2026\Techport\TPApp\TPApp\Controllers\TimKiemDoiTacController.cs(96,34): warning CS8601: Possible null reference assignment. [D:\2026\Techport\TPApp\TPApp\TPApp.csproj]
D:\2026\Techport\TPApp\TPApp\Controllers\TimKiemDoiTacController.cs(97,32): warning CS8601: Possible null reference assignment. [D:\2026\Techport\TPApp\TPApp\TPApp.csproj]
D:\2026\Techport\TPApp\TPApp\Controllers\TimKiemDoiTacController.cs(114,29): warning CS8601: Possible null reference assignment. [D:\2026\Techport\TPApp\TPApp\TPApp.csproj]
D:\2026\Techport\TPApp\TPApp\Controllers\AcceptanceController.cs(81,57): warning CS8629: Nullable value type may be null. [D:\2026\Techport\TPApp\TPApp\TPApp.csproj]
D:\2026\Techport\TPApp\TPApp\Controllers\AccountController.cs(107,103): warning CS8604: Possible null reference argument for parameter 'hashedPassword' in 'PasswordVerificationResult IPasswordHasher<ApplicationUser>.VerifyHashedPassword(ApplicationUser user, string hashedPassword, string providedPassword)'. [D:\2026\Techport\TPApp\TPApp\TPApp.csproj]
D:\2026\Techport\TPApp\TPApp\Controllers\AccountController.cs(117,67): warning CS8604: Possible null reference argument for parameter 'value' in 'void SessionExtensions.SetString(ISession session, string key, string value)'. [D:\2026\Techport\TPApp\TPApp\TPApp.csproj]
D:\2026\Techport\TPApp\TPApp\Controllers\AdvancePaymentController.cs(123,57): warning CS8629: Nullable value type may be null. [D:\2026\Techport\TPApp\TPApp\TPApp.csproj]
D:\2026\Techport\TPApp\TPApp\Controllers\TimKiemDoiTacController.cs(155,34): warning CS8601: Possible null reference assignment. [D:\2026\Techport\TPApp\TPApp\TPApp.csproj]
D:\2026\Techport\TPApp\TPApp\Controllers\TimKiemDoiTacController.cs(156,32): warning CS8601: Possible null reference assignment. [D:\2026\Techport\TPApp\TPApp\TPApp.csproj]
D:\2026\Techport\TPApp\TPApp\Controllers\TimKiemDoiTacController.cs(183,33): warning CS8601: Possible null reference assignment. [D:\2026\Techport\TPApp\TPApp\TPApp.csproj]
D:\2026\Techport\TPApp\TPApp\Controllers\AccountController.cs(152,99): warning CS8604: Possible null reference argument for parameter 'hashedPassword' in 'PasswordVerificationResult IPasswordHasher<ApplicationUser>.VerifyHashedPassword(ApplicationUser user, string hashedPassword, string providedPassword)'. [D:\2026\Techport\TPApp\TPApp\TPApp.csproj]
D:\2026\Techport\TPApp\TPApp\Controllers\AccountController.cs(162,63): warning CS8604: Possible null reference argument for parameter 'value' in 'void SessionExtensions.SetString(ISession session, string key, string value)'. [D:\2026\Techport\TPApp\TPApp\TPApp.csproj]
D:\2026\Techport\TPApp\TPApp\Services\ProductService.cs(65,46): warning CS8602: Dereference of a possibly null reference. [D:\2026\Techport\TPApp\TPApp\TPApp.csproj]
D:\2026\Techport\TPApp\TPApp\Controllers\TimKiemDoiTacController.cs(213,25): warning CS8602: Dereference of a possibly null reference. [D:\2026\Techport\TPApp\TPApp\TPApp.csproj]
D:\2026\Techport\TPApp\TPApp\Controllers\TimKiemDoiTacController.cs(221,38): warning CS8601: Possible null reference assignment. [D:\2026\Techport\TPApp\TPApp\TPApp.csproj]
D:\2026\Techport\TPApp\TPApp\Controllers\TimKiemDoiTacController.cs(222,36): warning CS8601: Possible null reference assignment. [D:\2026\Techport\TPApp\TPApp\TPApp.csproj]
D:\2026\Techport\TPApp\TPApp\Controllers\TimKiemDoiTacController.cs(235,29): warning CS8601: Possible null reference assignment. [D:\2026\Techport\TPApp\TPApp\TPApp.csproj]
D:\2026\Techport\TPApp\TPApp\Controllers\TiemLucKHCNController.cs(38,21): warning CS8602: Dereference of a possibly null reference. [D:\2026\Techport\TPApp\TPApp\TPApp.csproj]
D:\2026\Techport\TPApp\TPApp\Controllers\TiemLucKHCNController.cs(39,21): warning CS8602: Dereference of a possibly null reference. [D:\2026\Techport\TPApp\TPApp\TPApp.csproj]
D:\2026\Techport\TPApp\TPApp\Controllers\DichVuTuVanController.cs(77,32): warning CS8601: Possible null reference assignment. [D:\2026\Techport\TPApp\TPApp\TPApp.csproj]
D:\2026\Techport\TPApp\TPApp\Controllers\DichVuTuVanController.cs(90,25): warning CS8602: Dereference of a possibly null reference. [D:\2026\Techport\TPApp\TPApp\TPApp.csproj]
D:\2026\Techport\TPApp\TPApp\Services\ESignGateway.cs(106,36): warning CS1998: This async method lacks 'await' operators and will run synchronously. Consider using the 'await' operator to await non-blocking API calls, or 'await Task.Run(...)' to do CPU-bound work on a background thread. [D:\2026\Techport\TPApp\TPApp\TPApp.csproj]
D:\2026\Techport\TPApp\TPApp\Controllers\EContractController.cs(121,57): warning CS8629: Nullable value type may be null. [D:\2026\Techport\TPApp\TPApp\TPApp.csproj]
D:\2026\Techport\TPApp\TPApp\Controllers\DichVuTuVanController.cs(163,32): warning CS8601: Possible null reference assignment. [D:\2026\Techport\TPApp\TPApp\TPApp.csproj]
D:\2026\Techport\TPApp\TPApp\Controllers\EContractController.cs(171,40): warning CS8602: Dereference of a possibly null reference. [D:\2026\Techport\TPApp\TPApp\TPApp.csproj]
D:\2026\Techport\TPApp\TPApp\Controllers\EContractController.cs(210,40): warning CS8602: Dereference of a possibly null reference. [D:\2026\Techport\TPApp\TPApp\TPApp.csproj]
D:\2026\Techport\TPApp\TPApp\Controllers\DichVuTuVanController.cs(336,28): warning CS8601: Possible null reference assignment. [D:\2026\Techport\TPApp\TPApp\TPApp.csproj]
D:\2026\Techport\TPApp\TPApp\Entities\StoredProcedures\uspPortletCountTichcuu_Result.cs(5,23): warning CS8618: Non-nullable property 'FullName' must contain a non-null value when exiting constructor. Consider adding the 'required' modifier or declaring the property as nullable. [D:\2026\Techport\TPApp\TPApp\TPApp.csproj]
D:\2026\Techport\TPApp\TPApp\Entities\StoredProcedures\uspPortletCountTichcuuTraloi_Result.cs(5,23): warning CS8618: Non-nullable property 'Name' must contain a non-null value when exiting constructor. Consider adding the 'required' modifier or declaring the property as nullable. [D:\2026\Techport\TPApp\TPApp\TPApp.csproj]
D:\2026\Techport\TPApp\TPApp\Views\Home\_YeuCauCongNghe.cshtml(16,35): warning CS8602: Dereference of a possibly null reference. [D:\2026\Techport\TPApp\TPApp\TPApp.csproj]
D:\2026\Techport\TPApp\TPApp\Views\Home\_YeuCauCongNghe.cshtml(51,35): warning CS8602: Dereference of a possibly null reference. [D:\2026\Techport\TPApp\TPApp\TPApp.csproj]
D:\2026\Techport\TPApp\TPApp\Views\Home\_YeuCauCongNghe.cshtml(116,35): warning CS8602: Dereference of a possibly null reference. [D:\2026\Techport\TPApp\TPApp\TPApp.csproj]
D:\2026\Techport\TPApp\TPApp\Views\Shared\_Header.cshtml(6,20): warning CS8602: Dereference of a possibly null reference. [D:\2026\Techport\TPApp\TPApp\TPApp.csproj]
D:\2026\Techport\TPApp\TPApp\Views\Home\_TinSuKien.cshtml(44,44): warning CS8604: Possible null reference argument for parameter 'source' in 'TinSuKienItemVm? Enumerable.FirstOrDefault<TinSuKienItemVm>(IEnumerable<TinSuKienItemVm> source)'. [D:\2026\Techport\TPApp\TPApp\TPApp.csproj]
D:\2026\Techport\TPApp\TPApp\Views\Shared\_Footer.cshtml(3,9): warning CS0219: The variable 'MainDomain' is assigned but its value is never used [D:\2026\Techport\TPApp\TPApp\TPApp.csproj]
D:\2026\Techport\TPApp\TPApp\Controllers\DichVuTuVanController.cs(457,28): warning CS8601: Possible null reference assignment. [D:\2026\Techport\TPApp\TPApp\TPApp.csproj]
D:\2026\Techport\TPApp\TPApp\Entities\NhaTuVan.cs(13,23): warning CS8618: Non-nullable property 'FullName' must contain a non-null value when exiting constructor. Consider adding the 'required' modifier or declaring the property as nullable. [D:\2026\Techport\TPApp\TPApp\TPApp.csproj]
D:\2026\Techport\TPApp\TPApp\Entities\NhaTuVan.cs(20,23): warning CS8618: Non-nullable property 'DateOfBirth' must contain a non-null value when exiting constructor. Consider adding the 'required' modifier or declaring the property as nullable. [D:\2026\Techport\TPApp\TPApp\TPApp.csproj]
D:\2026\Techport\TPApp\TPApp\Entities\NhaTuVan.cs(25,23): warning CS8618: Non-nullable property 'DiaChi' must contain a non-null value when exiting constructor. Consider adding the 'required' modifier or declaring the property as nullable. [D:\2026\Techport\TPApp\TPApp\TPApp.csproj]
D:\2026\Techport\TPApp\TPApp\Entities\NhaTuVan.cs(28,23): warning CS8618: Non-nullable property 'Phone' must contain a non-null value when exiting constructor. Consider adding the 'required' modifier or declaring the property as nullable. [D:\2026\Techport\TPApp\TPApp\TPApp.csproj]
D:\2026\Techport\TPApp\TPApp\Entities\NhaTuVan.cs(51,23): warning CS8618: Non-nullable property 'Domain' must contain a non-null value when exiting constructor. Consider adding the 'required' modifier or declaring the property as nullable. [D:\2026\Techport\TPApp\TPApp\TPApp.csproj]
D:\2026\Techport\TPApp\TPApp\Controllers\HandoverController.cs(81,57): warning CS8629: Nullable value type may be null. [D:\2026\Techport\TPApp\TPApp\TPApp.csproj]
D:\2026\Techport\TPApp\TPApp\Controllers\ForumController.cs(103,47): warning CS8604: Possible null reference argument for parameter 'strVal' in 'string ForumController.DateToString(object strVal, string strFormat = "mm/dd/yyyy")'. [D:\2026\Techport\TPApp\TPApp\TPApp.csproj]
D:\2026\Techport\TPApp\TPApp\Controllers\ForumController.cs(163,29): warning CS8601: Possible null reference assignment. [D:\2026\Techport\TPApp\TPApp\TPApp.csproj]
D:\2026\Techport\TPApp\TPApp\Controllers\ForumController.cs(165,34): warning CS8601: Possible null reference assignment. [D:\2026\Techport\TPApp\TPApp\TPApp.csproj]
D:\2026\Techport\TPApp\TPApp\Controllers\ForumController.cs(167,29): warning CS8601: Possible null reference assignment. [D:\2026\Techport\TPApp\TPApp\TPApp.csproj]
D:\2026\Techport\TPApp\TPApp\Controllers\ForumController.cs(168,29): warning CS8601: Possible null reference assignment. [D:\2026\Techport\TPApp\TPApp\TPApp.csproj]
D:\2026\Techport\TPApp\TPApp\Controllers\ForumController.cs(190,29): warning CS8601: Possible null reference assignment. [D:\2026\Techport\TPApp\TPApp\TPApp.csproj]
D:\2026\Techport\TPApp\TPApp\Views\Shared\_AdminAccountLayout.cshtml(43,63): warning CS8602: Dereference of a possibly null reference. [D:\2026\Techport\TPApp\TPApp\TPApp.csproj]
D:\2026\Techport\TPApp\TPApp\Views\Product\Index.cshtml(130,125): warning CS8604: Possible null reference argument for parameter 'currency' in 'string AppHtmlHelper.FormatCurrencyOto(IHtmlHelper html, string? value, string currency)'. [D:\2026\Techport\TPApp\TPApp\TPApp.csproj]
D:\2026\Techport\TPApp\TPApp\Controllers\ImplementationLogController.cs(140,57): warning CS8629: Nullable value type may be null. [D:\2026\Techport\TPApp\TPApp\TPApp.csproj]
D:\2026\Techport\TPApp\TPApp\Controllers\RFQController.cs(77,53): warning CS8629: Nullable value type may be null. [D:\2026\Techport\TPApp\TPApp\TPApp.csproj]
D:\2026\Techport\TPApp\TPApp\Controllers\ForumController.cs(326,25): warning CS8601: Possible null reference assignment. [D:\2026\Techport\TPApp\TPApp\TPApp.csproj]
D:\2026\Techport\TPApp\TPApp\Controllers\ForumController.cs(344,25): warning CS8601: Possible null reference assignment. [D:\2026\Techport\TPApp\TPApp\TPApp.csproj]
D:\2026\Techport\TPApp\TPApp\Controllers\ForumController.cs(376,29): warning CS8601: Possible null reference assignment. [D:\2026\Techport\TPApp\TPApp\TPApp.csproj]
D:\2026\Techport\TPApp\TPApp\Controllers\RFQController.cs(144,41): warning CS8629: Nullable value type may be null. [D:\2026\Techport\TPApp\TPApp\TPApp.csproj]
D:\2026\Techport\TPApp\TPApp\Views\Shared\Components\QuangCaoLeft\Default.cshtml(11,27): warning CS8602: Dereference of a possibly null reference. [D:\2026\Techport\TPApp\TPApp\TPApp.csproj]
D:\2026\Techport\TPApp\TPApp\Controllers\ForumController.cs(451,29): warning CS8601: Possible null reference assignment. [D:\2026\Techport\TPApp\TPApp\TPApp.csproj]
D:\2026\Techport\TPApp\TPApp\Controllers\ForumController.cs(453,31): warning CS8601: Possible null reference assignment. [D:\2026\Techport\TPApp\TPApp\TPApp.csproj]
D:\2026\Techport\TPApp\TPApp\Controllers\ForumController.cs(454,45): warning CS8604: Possible null reference argument for parameter 'strVal' in 'string ForumController.DateToString(object strVal, string strFormat = "mm/dd/yyyy")'. [D:\2026\Techport\TPApp\TPApp\TPApp.csproj]
D:\2026\Techport\TPApp\TPApp\Controllers\ProposalController.cs(171,57): warning CS8629: Nullable value type may be null. [D:\2026\Techport\TPApp\TPApp\TPApp.csproj]
D:\2026\Techport\TPApp\TPApp\Controllers\ForumController.cs(478,28): warning CS8600: Converting null literal or possible null value to non-nullable type. [D:\2026\Techport\TPApp\TPApp\TPApp.csproj]
D:\2026\Techport\TPApp\TPApp\Controllers\ForumController.cs(482,27): warning CS8602: Dereference of a possibly null reference. [D:\2026\Techport\TPApp\TPApp\TPApp.csproj]
D:\2026\Techport\TPApp\TPApp\Controllers\ForumController.cs(560,30): warning CS8629: Nullable value type may be null. [D:\2026\Techport\TPApp\TPApp\TPApp.csproj]
D:\2026\Techport\TPApp\TPApp\Controllers\ForumController.cs(566,45): warning CS8604: Possible null reference argument for parameter 'strVal' in 'string ForumController.DateToString(object strVal, string strFormat = "mm/dd/yyyy")'. [D:\2026\Techport\TPApp\TPApp\TPApp.csproj]
D:\2026\Techport\TPApp\TPApp\Controllers\ProductController.cs(111,50): warning CS8604: Possible null reference argument for parameter 'categoryIds' in 'string ProductController.GetCategoryTitle(string categoryIds)'. [D:\2026\Techport\TPApp\TPApp\TPApp.csproj]
D:\2026\Techport\TPApp\TPApp\Controllers\NhucaucongngheController.cs(102,42): warning CS8602: Dereference of a possibly null reference. [D:\2026\Techport\TPApp\TPApp\TPApp.csproj]
D:\2026\Techport\TPApp\TPApp\Controllers\ForumController.cs(597,30): warning CS8629: Nullable value type may be null. [D:\2026\Techport\TPApp\TPApp\TPApp.csproj]
D:\2026\Techport\TPApp\TPApp\Controllers\ForumController.cs(604,45): warning CS8604: Possible null reference argument for parameter 'strVal' in 'string ForumController.DateToString(object strVal, string strFormat = "mm/dd/yyyy")'. [D:\2026\Techport\TPApp\TPApp\TPApp.csproj]
D:\2026\Techport\TPApp\TPApp\Controllers\NDAController.cs(81,53): warning CS8629: Nullable value type may be null. [D:\2026\Techport\TPApp\TPApp\TPApp.csproj]
D:\2026\Techport\TPApp\TPApp\Controllers\NewsController.cs(156,33): warning CS8601: Possible null reference assignment. [D:\2026\Techport\TPApp\TPApp\TPApp.csproj]
D:\2026\Techport\TPApp\TPApp\Controllers\MenusController.cs(47,21): warning CS8602: Dereference of a possibly null reference. [D:\2026\Techport\TPApp\TPApp\TPApp.csproj]
D:\2026\Techport\TPApp\TPApp\Controllers\ProductController.cs(141,31): warning CS8601: Possible null reference assignment. [D:\2026\Techport\TPApp\TPApp\TPApp.csproj]
D:\2026\Techport\TPApp\TPApp\Controllers\LiquidationController.cs(125,57): warning CS8629: Nullable value type may be null. [D:\2026\Techport\TPApp\TPApp\TPApp.csproj]
D:\2026\Techport\TPApp\TPApp\Controllers\NewsController.cs(213,29): warning CS8601: Possible null reference assignment. [D:\2026\Techport\TPApp\TPApp\TPApp.csproj]
D:\2026\Techport\TPApp\TPApp\Controllers\NewsController.cs(214,35): warning CS8601: Possible null reference assignment. [D:\2026\Techport\TPApp\TPApp\TPApp.csproj]
D:\2026\Techport\TPApp\TPApp\Controllers\ProductController.cs(149,240): warning CS8601: Possible null reference assignment. [D:\2026\Techport\TPApp\TPApp\TPApp.csproj]
D:\2026\Techport\TPApp\TPApp\Controllers\ProductController.cs(153,183): warning CS8601: Possible null reference assignment. [D:\2026\Techport\TPApp\TPApp\TPApp.csproj]
D:\2026\Techport\TPApp\TPApp\Controllers\NhucaucongngheController.cs(247,30): warning CS8629: Nullable value type may be null. [D:\2026\Techport\TPApp\TPApp\TPApp.csproj]
D:\2026\Techport\TPApp\TPApp\Controllers\NhucaucongngheController.cs(251,30): warning CS8629: Nullable value type may be null. [D:\2026\Techport\TPApp\TPApp\TPApp.csproj]
D:\2026\Techport\TPApp\TPApp\Controllers\NhucaucongngheController.cs(296,69): warning CS8629: Nullable value type may be null. [D:\2026\Techport\TPApp\TPApp\TPApp.csproj]
D:\2026\Techport\TPApp\TPApp\Controllers\NhucaucongngheController.cs(307,30): warning CS8629: Nullable value type may be null. [D:\2026\Techport\TPApp\TPApp\TPApp.csproj]
D:\2026\Techport\TPApp\TPApp\Controllers\ProductController.cs(184,29): warning CS8601: Possible null reference assignment. [D:\2026\Techport\TPApp\TPApp\TPApp.csproj]
D:\2026\Techport\TPApp\TPApp\Controllers\ProductController.cs(185,28): warning CS8601: Possible null reference assignment. [D:\2026\Techport\TPApp\TPApp\TPApp.csproj]
D:\2026\Techport\TPApp\TPApp\Controllers\ProductController.cs(200,32): warning CS8601: Possible null reference assignment. [D:\2026\Techport\TPApp\TPApp\TPApp.csproj]
D:\2026\Techport\TPApp\TPApp\Controllers\ProductController.cs(201,32): warning CS8601: Possible null reference assignment. [D:\2026\Techport\TPApp\TPApp\TPApp.csproj]
D:\2026\Techport\TPApp\TPApp\Controllers\ProductController.cs(212,88): warning CS8601: Possible null reference assignment. [D:\2026\Techport\TPApp\TPApp\TPApp.csproj]
D:\2026\Techport\TPApp\TPApp\Services\ApplicationUserStore.cs(22,35): warning CS1998: This async method lacks 'await' operators and will run synchronously. Consider using the 'await' operator to await non-blocking API calls, or 'await Task.Run(...)' to do CPU-bound work on a background thread. [D:\2026\Techport\TPApp\TPApp\TPApp.csproj]
D:\2026\Techport\TPApp\TPApp\Services\ApplicationUserStore.cs(27,36): warning CS1998: This async method lacks 'await' operators and will run synchronously. Consider using the 'await' operator to await non-blocking API calls, or 'await Task.Run(...)' to do CPU-bound work on a background thread. [D:\2026\Techport\TPApp\TPApp\TPApp.csproj]
D:\2026\Techport\TPApp\TPApp\Services\ApplicationUserStore.cs(32,27): warning CS1998: This async method lacks 'await' operators and will run synchronously. Consider using the 'await' operator to await non-blocking API calls, or 'await Task.Run(...)' to do CPU-bound work on a background thread. [D:\2026\Techport\TPApp\TPApp\TPApp.csproj]
D:\2026\Techport\TPApp\TPApp\Services\ApplicationUserStore.cs(37,36): warning CS1998: This async method lacks 'await' operators and will run synchronously. Consider using the 'await' operator to await non-blocking API calls, or 'await Task.Run(...)' to do CPU-bound work on a background thread. [D:\2026\Techport\TPApp\TPApp\TPApp.csproj]
D:\2026\Techport\TPApp\TPApp\Services\ApplicationUserStore.cs(42,27): warning CS1998: This async method lacks 'await' operators and will run synchronously. Consider using the 'await' operator to await non-blocking API calls, or 'await Task.Run(...)' to do CPU-bound work on a background thread. [D:\2026\Techport\TPApp\TPApp\TPApp.csproj]
D:\2026\Techport\TPApp\TPApp\Services\ApplicationUserStore.cs(94,27): warning CS1998: This async method lacks 'await' operators and will run synchronously. Consider using the 'await' operator to await non-blocking API calls, or 'await Task.Run(...)' to do CPU-bound work on a background thread. [D:\2026\Techport\TPApp\TPApp\TPApp.csproj]
D:\2026\Techport\TPApp\TPApp\Services\ApplicationUserStore.cs(99,36): warning CS1998: This async method lacks 'await' operators and will run synchronously. Consider using the 'await' operator to await non-blocking API calls, or 'await Task.Run(...)' to do CPU-bound work on a background thread. [D:\2026\Techport\TPApp\TPApp\TPApp.csproj]
D:\2026\Techport\TPApp\TPApp\Services\ApplicationUserStore.cs(104,33): warning CS1998: This async method lacks 'await' operators and will run synchronously. Consider using the 'await' operator to await non-blocking API calls, or 'await Task.Run(...)' to do CPU-bound work on a background thread. [D:\2026\Techport\TPApp\TPApp\TPApp.csproj]
D:\2026\Techport\TPApp\TPApp\Services\ApplicationUserStore.cs(110,27): warning CS1998: This async method lacks 'await' operators and will run synchronously. Consider using the 'await' operator to await non-blocking API calls, or 'await Task.Run(...)' to do CPU-bound work on a background thread. [D:\2026\Techport\TPApp\TPApp\TPApp.csproj]
D:\2026\Techport\TPApp\TPApp\Services\ApplicationUserStore.cs(115,36): warning CS1998: This async method lacks 'await' operators and will run synchronously. Consider using the 'await' operator to await non-blocking API calls, or 'await Task.Run(...)' to do CPU-bound work on a background thread. [D:\2026\Techport\TPApp\TPApp\TPApp.csproj]
D:\2026\Techport\TPApp\TPApp\Services\ApplicationUserStore.cs(120,33): warning CS1998: This async method lacks 'await' operators and will run synchronously. Consider using the 'await' operator to await non-blocking API calls, or 'await Task.Run(...)' to do CPU-bound work on a background thread. [D:\2026\Techport\TPApp\TPApp\TPApp.csproj]
D:\2026\Techport\TPApp\TPApp\Services\ApplicationUserStore.cs(125,27): warning CS1998: This async method lacks 'await' operators and will run synchronously. Consider using the 'await' operator to await non-blocking API calls, or 'await Task.Run(...)' to do CPU-bound work on a background thread. [D:\2026\Techport\TPApp\TPApp\TPApp.csproj]
D:\2026\Techport\TPApp\TPApp\Services\ApplicationUserStore.cs(135,36): warning CS1998: This async method lacks 'await' operators and will run synchronously. Consider using the 'await' operator to await non-blocking API calls, or 'await Task.Run(...)' to do CPU-bound work on a background thread. [D:\2026\Techport\TPApp\TPApp\TPApp.csproj]
D:\2026\Techport\TPApp\TPApp\Services\ApplicationUserStore.cs(140,27): warning CS1998: This async method lacks 'await' operators and will run synchronously. Consider using the 'await' operator to await non-blocking API calls, or 'await Task.Run(...)' to do CPU-bound work on a background thread. [D:\2026\Techport\TPApp\TPApp\TPApp.csproj]
D:\2026\Techport\TPApp\TPApp\Controllers\ProjectController.cs(837,41): warning CS8620: Argument of type 'Dictionary<string, string>' cannot be used for parameter 'dictionary' of type 'IReadOnlyDictionary<string, string?>' in 'string? CollectionExtensions.GetValueOrDefault<string, string?>(IReadOnlyDictionary<string, string?> dictionary, string key, string? defaultValue)' due to differences in the nullability of reference types. [D:\2026\Techport\TPApp\TPApp\TPApp.csproj]
D:\2026\Techport\TPApp\TPApp\Controllers\ProjectController.cs(838,33): warning CS8620: Argument of type 'Dictionary<string, string>' cannot be used for parameter 'dictionary' of type 'IReadOnlyDictionary<string, string?>' in 'string? CollectionExtensions.GetValueOrDefault<string, string?>(IReadOnlyDictionary<string, string?> dictionary, string key, string? defaultValue)' due to differences in the nullability of reference types. [D:\2026\Techport\TPApp\TPApp\TPApp.csproj]
D:\2026\Techport\TPApp\TPApp\Controllers\ProjectController.cs(859,34): warning CS8620: Argument of type 'Dictionary<string, string>' cannot be used for parameter 'dictionary' of type 'IReadOnlyDictionary<string, string?>' in 'string? CollectionExtensions.GetValueOrDefault<string, string?>(IReadOnlyDictionary<string, string?> dictionary, string key, string? defaultValue)' due to differences in the nullability of reference types. [D:\2026\Techport\TPApp\TPApp\TPApp.csproj]
D:\2026\Techport\TPApp\TPApp\Controllers\ProjectController.cs(860,34): warning CS8620: Argument of type 'Dictionary<string, string>' cannot be used for parameter 'dictionary' of type 'IReadOnlyDictionary<string, string?>' in 'string? CollectionExtensions.GetValueOrDefault<string, string?>(IReadOnlyDictionary<string, string?> dictionary, string key, string? defaultValue)' due to differences in the nullability of reference types. [D:\2026\Techport\TPApp\TPApp\TPApp.csproj]
D:\2026\Techport\TPApp\TPApp\Controllers\ProjectController.cs(905,37): warning CS8620: Argument of type 'Dictionary<string, string>' cannot be used for parameter 'dictionary' of type 'IReadOnlyDictionary<string, string?>' in 'string? CollectionExtensions.GetValueOrDefault<string, string?>(IReadOnlyDictionary<string, string?> dictionary, string key, string? defaultValue)' due to differences in the nullability of reference types. [D:\2026\Techport\TPApp\TPApp\TPApp.csproj]
D:\2026\Techport\TPApp\TPApp\Controllers\ProjectController.cs(920,41): warning CS8620: Argument of type 'Dictionary<string, string>' cannot be used for parameter 'dictionary' of type 'IReadOnlyDictionary<string, string?>' in 'string? CollectionExtensions.GetValueOrDefault<string, string?>(IReadOnlyDictionary<string, string?> dictionary, string key, string? defaultValue)' due to differences in the nullability of reference types. [D:\2026\Techport\TPApp\TPApp\TPApp.csproj]
D:\2026\Techport\TPApp\TPApp\Controllers\ProjectController.cs(921,38): warning CS8620: Argument of type 'Dictionary<string, string>' cannot be used for parameter 'dictionary' of type 'IReadOnlyDictionary<string, string?>' in 'string? CollectionExtensions.GetValueOrDefault<string, string?>(IReadOnlyDictionary<string, string?> dictionary, string key, string? defaultValue)' due to differences in the nullability of reference types. [D:\2026\Techport\TPApp\TPApp\TPApp.csproj]
D:\2026\Techport\TPApp\TPApp\Controllers\ProjectController.cs(922,30): warning CS8620: Argument of type 'Dictionary<string, string>' cannot be used for parameter 'dictionary' of type 'IReadOnlyDictionary<string, string?>' in 'string? CollectionExtensions.GetValueOrDefault<string, string?>(IReadOnlyDictionary<string, string?> dictionary, string key, string? defaultValue)' due to differences in the nullability of reference types. [D:\2026\Techport\TPApp\TPApp\TPApp.csproj]
D:\2026\Techport\TPApp\TPApp\Controllers\ProjectController.cs(952,39): warning CS8620: Argument of type 'Dictionary<string, string>' cannot be used for parameter 'dictionary' of type 'IReadOnlyDictionary<string, string?>' in 'string? CollectionExtensions.GetValueOrDefault<string, string?>(IReadOnlyDictionary<string, string?> dictionary, string key, string? defaultValue)' due to differences in the nullability of reference types. [D:\2026\Techport\TPApp\TPApp\TPApp.csproj]
D:\2026\Techport\TPApp\TPApp\Controllers\ProjectController.cs(953,39): warning CS8620: Argument of type 'Dictionary<string, string>' cannot be used for parameter 'dictionary' of type 'IReadOnlyDictionary<string, string?>' in 'string? CollectionExtensions.GetValueOrDefault<string, string?>(IReadOnlyDictionary<string, string?> dictionary, string key, string? defaultValue)' due to differences in the nullability of reference types. [D:\2026\Techport\TPApp\TPApp\TPApp.csproj]
D:\2026\Techport\TPApp\TPApp\Controllers\ProjectController.cs(954,35): warning CS8620: Argument of type 'Dictionary<string, string>' cannot be used for parameter 'dictionary' of type 'IReadOnlyDictionary<string, string?>' in 'string? CollectionExtensions.GetValueOrDefault<string, string?>(IReadOnlyDictionary<string, string?> dictionary, string key, string? defaultValue)' due to differences in the nullability of reference types. [D:\2026\Techport\TPApp\TPApp\TPApp.csproj]
D:\2026\Techport\TPApp\TPApp\Controllers\ProjectController.cs(955,32): warning CS8620: Argument of type 'Dictionary<string, string>' cannot be used for parameter 'dictionary' of type 'IReadOnlyDictionary<string, string?>' in 'string? CollectionExtensions.GetValueOrDefault<string, string?>(IReadOnlyDictionary<string, string?> dictionary, string key, string? defaultValue)' due to differences in the nullability of reference types. [D:\2026\Techport\TPApp\TPApp\TPApp.csproj]
D:\2026\Techport\TPApp\TPApp\Controllers\ProjectController.cs(956,32): warning CS8620: Argument of type 'Dictionary<string, string>' cannot be used for parameter 'dictionary' of type 'IReadOnlyDictionary<string, string?>' in 'string? CollectionExtensions.GetValueOrDefault<string, string?>(IReadOnlyDictionary<string, string?> dictionary, string key, string? defaultValue)' due to differences in the nullability of reference types. [D:\2026\Techport\TPApp\TPApp\TPApp.csproj]
D:\2026\Techport\TPApp\TPApp\Controllers\ProjectController.cs(977,31): warning CS8620: Argument of type 'Dictionary<string, string>' cannot be used for parameter 'dictionary' of type 'IReadOnlyDictionary<string, string?>' in 'string? CollectionExtensions.GetValueOrDefault<string, string?>(IReadOnlyDictionary<string, string?> dictionary, string key, string? defaultValue)' due to differences in the nullability of reference types. [D:\2026\Techport\TPApp\TPApp\TPApp.csproj]
D:\2026\Techport\TPApp\TPApp\Views\Project\Workflow.cshtml(52,46): warning CS8600: Converting null literal or possible null value to non-nullable type. [D:\2026\Techport\TPApp\TPApp\TPApp.csproj]
D:\2026\Techport\TPApp\TPApp\Views\Project\Workflow.cshtml(53,46): warning CS8600: Converting null literal or possible null value to non-nullable type. [D:\2026\Techport\TPApp\TPApp\TPApp.csproj]
D:\2026\Techport\TPApp\TPApp\Views\Project\Workflow.cshtml(54,46): warning CS8600: Converting null literal or possible null value to non-nullable type. [D:\2026\Techport\TPApp\TPApp\TPApp.csproj]
D:\2026\Techport\TPApp\TPApp\Views\Project\Workflow.cshtml(55,46): warning CS8600: Converting null literal or possible null value to non-nullable type. [D:\2026\Techport\TPApp\TPApp\TPApp.csproj]
D:\2026\Techport\TPApp\TPApp\Views\Project\Workflow.cshtml(56,46): warning CS8600: Converting null literal or possible null value to non-nullable type. [D:\2026\Techport\TPApp\TPApp\TPApp.csproj]
D:\2026\Techport\TPApp\TPApp\Views\Project\Workflow.cshtml(57,46): warning CS8600: Converting null literal or possible null value to non-nullable type. [D:\2026\Techport\TPApp\TPApp\TPApp.csproj]
D:\2026\Techport\TPApp\TPApp\Views\Project\Workflow.cshtml(58,46): warning CS8600: Converting null literal or possible null value to non-nullable type. [D:\2026\Techport\TPApp\TPApp\TPApp.csproj]
D:\2026\Techport\TPApp\TPApp\Views\Project\Workflow.cshtml(59,46): warning CS8600: Converting null literal or possible null value to non-nullable type. [D:\2026\Techport\TPApp\TPApp\TPApp.csproj]
D:\2026\Techport\TPApp\TPApp\Views\Project\Workflow.cshtml(60,46): warning CS8600: Converting null literal or possible null value to non-nullable type. [D:\2026\Techport\TPApp\TPApp\TPApp.csproj]
D:\2026\Techport\TPApp\TPApp\Views\Project\Workflow.cshtml(61,47): warning CS8600: Converting null literal or possible null value to non-nullable type. [D:\2026\Techport\TPApp\TPApp\TPApp.csproj]
D:\2026\Techport\TPApp\TPApp\Views\Project\Workflow.cshtml(62,47): warning CS8600: Converting null literal or possible null value to non-nullable type. [D:\2026\Techport\TPApp\TPApp\TPApp.csproj]

Build succeeded.

D:\2026\Techport\TPApp\TPApp\Entities\ApplicationUser.cs(17,53): warning CS8765: Nullability of type of parameter 'value' doesn't match overridden member (possibly because of nullability attributes). [D:\2026\Techport\TPApp\TPApp\TPApp.csproj]
D:\2026\Techport\TPApp\TPApp\Views\Project\Steps\_Step4.cshtml(6,33): warning CS0108: 'Views_Project_Steps__Step4.Context' hides inherited member 'RazorPage.Context'. Use the new keyword if hiding was intended. [D:\2026\Techport\TPApp\TPApp\TPApp.csproj]
D:\2026\Techport\TPApp\TPApp\ViewModel\TimKiemDoiTacPortletItemVm.cs(6,23): warning CS8618: Non-nullable property 'TenSanPham' must contain a non-null value when exiting constructor. Consider adding the 'required' modifier or declaring the property as nullable. [D:\2026\Techport\TPApp\TPApp\TPApp.csproj]
D:\2026\Techport\TPApp\TPApp\ViewModel\TimKiemDoiTacPortletItemVm.cs(7,23): warning CS8618: Non-nullable property 'FullName' must contain a non-null value when exiting constructor. Consider adding the 'required' modifier or declaring the property as nullable. [D:\2026\Techport\TPApp\TPApp\TPApp.csproj]
D:\2026\Techport\TPApp\TPApp\ViewModel\TimKiemDoiTacPortletItemVm.cs(8,23): warning CS8618: Non-nullable property 'ImageUrl' must contain a non-null value when exiting constructor. Consider adding the 'required' modifier or declaring the property as nullable. [D:\2026\Techport\TPApp\TPApp\TPApp.csproj]
D:\2026\Techport\TPApp\TPApp\ViewModel\TimKiemDoiTacPortletItemVm.cs(10,23): warning CS8618: Non-nullable property 'Url' must contain a non-null value when exiting constructor. Consider adding the 'required' modifier or declaring the property as nullable. [D:\2026\Techport\TPApp\TPApp\TPApp.csproj]
D:\2026\Techport\TPApp\TPApp\ViewComponent\TimKiemDoiTacPortletViewComponent.cs(50,26): warning CS8601: Possible null reference assignment. [D:\2026\Techport\TPApp\TPApp\TPApp.csproj]
D:\2026\Techport\TPApp\TPApp\ViewComponent\TimKiemDoiTacPortletViewComponent.cs(51,24): warning CS8601: Possible null reference assignment. [D:\2026\Techport\TPApp\TPApp\TPApp.csproj]
D:\2026\Techport\TPApp\TPApp\ViewComponent\MenuLeftViewComponent.cs(41,17): warning CS8602: Dereference of a possibly null reference. [D:\2026\Techport\TPApp\TPApp\TPApp.csproj]
D:\2026\Techport\TPApp\TPApp\ViewModel\ProductIndexViewModel.cs(13,25): warning CS8618: Non-nullable property 'Category' must contain a non-null value when exiting constructor. Consider adding the 'required' modifier or declaring the property as nullable. [D:\2026\Techport\TPApp\TPApp\TPApp.csproj]
D:\2026\Techport\TPApp\TPApp\ViewModel\ProductDetailViewModel.cs(41,23): warning CS8618: Non-nullable property 'Keyword' must contain a non-null value when exiting constructor. Consider adding the 'required' modifier or declaring the property as nullable. [D:\2026\Techport\TPApp\TPApp\TPApp.csproj]
D:\2026\Techport\TPApp\TPApp\ViewModel\ProductDetailViewModel.cs(7,28): warning CS8618: Non-nullable property 'Product' must contain a non-null value when exiting constructor. Consider adding the 'required' modifier or declaring the property as nullable. [D:\2026\Techport\TPApp\TPApp\TPApp.csproj]
D:\2026\Techport\TPApp\TPApp\ViewModel\ProductDetailViewModel.cs(9,23): warning CS8618: Non-nullable property 'CategoryTitle' must contain a non-null value when exiting constructor. Consider adding the 'required' modifier or declaring the property as nullable. [D:\2026\Techport\TPApp\TPApp\TPApp.csproj]
D:\2026\Techport\TPApp\TPApp\ViewModel\ProductDetailViewModel.cs(12,23): warning CS8618: Non-nullable property 'SupplierName' must contain a non-null value when exiting constructor. Consider adding the 'required' modifier or declaring the property as nullable. [D:\2026\Techport\TPApp\TPApp\TPApp.csproj]
D:\2026\Techport\TPApp\TPApp\ViewModel\ProductDetailViewModel.cs(13,23): warning CS8618: Non-nullable property 'SupplierUrl' must contain a non-null value when exiting constructor. Consider adding the 'required' modifier or declaring the property as nullable. [D:\2026\Techport\TPApp\TPApp\TPApp.csproj]
D:\2026\Techport\TPApp\TPApp\ViewModel\ProductDetailViewModel.cs(15,31): warning CS8618: Non-nullable property 'Industries' must contain a non-null value when exiting constructor. Consider adding the 'required' modifier or declaring the property as nullable. [D:\2026\Techport\TPApp\TPApp\TPApp.csproj]
D:\2026\Techport\TPApp\TPApp\ViewModel\ProductDetailViewModel.cs(16,33): warning CS8618: Non-nullable property 'Suppliers' must contain a non-null value when exiting constructor. Consider adding the 'required' modifier or declaring the property as nullable. [D:\2026\Techport\TPApp\TPApp\TPApp.csproj]
D:\2026\Techport\TPApp\TPApp\ViewModel\ProductDetailViewModel.cs(18,30): warning CS8618: Non-nullable property 'Images' must contain a non-null value when exiting constructor. Consider adding the 'required' modifier or declaring the property as nullable. [D:\2026\Techport\TPApp\TPApp\TPApp.csproj]
D:\2026\Techport\TPApp\TPApp\ViewModel\ProductDetailViewModel.cs(19,31): warning CS8618: Non-nullable property 'RelatedCategories' must contain a non-null value when exiting constructor. Consider adding the 'required' modifier or declaring the property as nullable. [D:\2026\Techport\TPApp\TPApp\TPApp.csproj]
D:\2026\Techport\TPApp\TPApp\ViewModel\ProductDetailViewModel.cs(21,32): warning CS8618: Non-nullable property 'Keywords' must contain a non-null value when exiting constructor. Consider adding the 'required' modifier or declaring the property as nullable. [D:\2026\Techport\TPApp\TPApp\TPApp.csproj]
D:\2026\Techport\TPApp\TPApp\ViewModel\ProductDetailViewModel.cs(24,43): warning CS8618: Non-nullable property 'RelatedProducts' must contain a non-null value when exiting constructor. Consider adding the 'required' modifier or declaring the property as nullable. [D:\2026\Techport\TPApp\TPApp\TPApp.csproj]
D:\2026\Techport\TPApp\TPApp\ViewModel\ProductDetailViewModel.cs(31,23): warning CS8618: Non-nullable property 'YoutubeEmbedUrl' must contain a non-null value when exiting constructor. Consider adding the 'required' modifier or declaring the property as nullable. [D:\2026\Techport\TPApp\TPApp\TPApp.csproj]
D:\2026\Techport\TPApp\TPApp\ViewModel\ProductDetailViewModel.cs(32,23): warning CS8618: Non-nullable property 'VideoFileUrl' must contain a non-null value when exiting constructor. Consider adding the 'required' modifier or declaring the property as nullable. [D:\2026\Techport\TPApp\TPApp\TPApp.csproj]
D:\2026\Techport\TPApp\TPApp\ViewModel\ProductByCateViewModel.cs(29,23): warning CS8618: Non-nullable property 'Title' must contain a non-null value when exiting constructor. Consider adding the 'required' modifier or declaring the property as nullable. [D:\2026\Techport\TPApp\TPApp\TPApp.csproj]
D:\2026\Techport\TPApp\TPApp\ViewModel\ProductByCateViewModel.cs(30,23): warning CS8618: Non-nullable property 'Url' must contain a non-null value when exiting constructor. Consider adding the 'required' modifier or declaring the property as nullable. [D:\2026\Techport\TPApp\TPApp\TPApp.csproj]
D:\2026\Techport\TPApp\TPApp\ViewModel\ProductByCateViewModel.cs(31,23): warning CS8618: Non-nullable property 'ImageUrl' must contain a non-null value when exiting constructor. Consider adding the 'required' modifier or declaring the property as nullable. [D:\2026\Techport\TPApp\TPApp\TPApp.csproj]
D:\2026\Techport\TPApp\TPApp\ViewModel\ProductByCateViewModel.cs(32,23): warning CS8618: Non-nullable property 'PriceText' must contain a non-null value when exiting constructor. Consider adding the 'required' modifier or declaring the property as nullable. [D:\2026\Techport\TPApp\TPApp\TPApp.csproj]
D:\2026\Techport\TPApp\TPApp\ViewModel\ProductByCateViewModel.cs(33,23): warning CS8618: Non-nullable property 'Code' must contain a non-null value when exiting constructor. Consider adding the 'required' modifier or declaring the property as nullable. [D:\2026\Techport\TPApp\TPApp\TPApp.csproj]
D:\2026\Techport\TPApp\TPApp\ViewModel\ProductByCateViewModel.cs(23,23): warning CS8618: Non-nullable property 'Title' must contain a non-null value when exiting constructor. Consider adding the 'required' modifier or declaring the property as nullable. [D:\2026\Techport\TPApp\TPApp\TPApp.csproj]
D:\2026\Techport\TPApp\TPApp\ViewModel\ProductByCateViewModel.cs(24,23): warning CS8618: Non-nullable property 'Url' must contain a non-null value when exiting constructor. Consider adding the 'required' modifier or declaring the property as nullable. [D:\2026\Techport\TPApp\TPApp\TPApp.csproj]
D:\2026\Techport\TPApp\TPApp\ViewModel\ProductByCateViewModel.cs(7,23): warning CS8618: Non-nullable property 'CateTitle' must contain a non-null value when exiting constructor. Consider adding the 'required' modifier or declaring the property as nullable. [D:\2026\Techport\TPApp\TPApp\TPApp.csproj]
D:\2026\Techport\TPApp\TPApp\ViewModel\ProductByCateViewModel.cs(8,23): warning CS8618: Non-nullable property 'PageTitle' must contain a non-null value when exiting constructor. Consider adding the 'required' modifier or declaring the property as nullable. [D:\2026\Techport\TPApp\TPApp\TPApp.csproj]
D:\2026\Techport\TPApp\TPApp\ViewModel\ForumPortletNhieuNhatVm.cs(18,23): warning CS8618: Non-nullable property 'Name' must contain a non-null value when exiting constructor. Consider adding the 'required' modifier or declaring the property as nullable. [D:\2026\Techport\TPApp\TPApp\TPApp.csproj]
D:\2026\Techport\TPApp\TPApp\ViewModel\ForumPortletNhieuNhatVm.cs(12,23): warning CS8618: Non-nullable property 'FullName' must contain a non-null value when exiting constructor. Consider adding the 'required' modifier or declaring the property as nullable. [D:\2026\Techport\TPApp\TPApp\TPApp.csproj]
D:\2026\Techport\TPApp\TPApp\ViewModel\ForumIndexVm.cs(32,40): warning CS8618: Non-nullable property 'PortletNhieunhat' must contain a non-null value when exiting constructor. Consider adding the 'required' modifier or declaring the property as nullable. [D:\2026\Techport\TPApp\TPApp\TPApp.csproj]
D:\2026\Techport\TPApp\TPApp\ViewModel\ForumIndexVm.cs(33,37): warning CS8618: Non-nullable property 'PortletDangMo' must contain a non-null value when exiting constructor. Consider adding the 'required' modifier or declaring the property as nullable. [D:\2026\Techport\TPApp\TPApp\TPApp.csproj]
D:\2026\Techport\TPApp\TPApp\ViewModel\ForumIndexVm.cs(34,37): warning CS8618: Non-nullable property 'PortletTinTuc' must contain a non-null value when exiting constructor. Consider adding the 'required' modifier or declaring the property as nullable. [D:\2026\Techport\TPApp\TPApp\TPApp.csproj]
D:\2026\Techport\TPApp\TPApp\ViewModel\ForumIndexVm.cs(35,47): warning CS8618: Non-nullable property 'PortletGiaiPhapCongNghe' must contain a non-null value when exiting constructor. Consider adding the 'required' modifier or declaring the property as nullable. [D:\2026\Techport\TPApp\TPApp\TPApp.csproj]
D:\2026\Techport\TPApp\TPApp\ViewModel\DichVuTuVanVm.cs(34,23): warning CS8618: Non-nullable property 'Value' must contain a non-null value when exiting constructor. Consider adding the 'required' modifier or declaring the property as nullable. [D:\2026\Techport\TPApp\TPApp\TPApp.csproj]
D:\2026\Techport\TPApp\TPApp\ViewModel\DichVuTuVanVm.cs(35,23): warning CS8618: Non-nullable property 'Text' must contain a non-null value when exiting constructor. Consider adding the 'required' modifier or declaring the property as nullable. [D:\2026\Techport\TPApp\TPApp\TPApp.csproj]
D:\2026\Techport\TPApp\TPApp\ViewModel\DichVuTuVanVm.cs(6,30): warning CS8618: Non-nullable property 'DichVuTuVan' must contain a non-null value when exiting constructor. Consider adding the 'required' modifier or declaring the property as nullable. [D:\2026\Techport\TPApp\TPApp\TPApp.csproj]
D:\2026\Techport\TPApp\TPApp\ViewModel\ChiTietNhaTuVanVm.cs(37,23): warning CS8618: Non-nullable property 'Url' must contain a non-null value when exiting constructor. Consider adding the 'required' modifier or declaring the property as nullable. [D:\2026\Techport\TPApp\TPApp\TPApp.csproj]
D:\2026\Techport\TPApp\TPApp\Application\Services\SearchService.cs(361,53): warning CS8602: Dereference of a possibly null reference. [D:\2026\Techport\TPApp\TPApp\TPApp.csproj]
D:\2026\Techport\TPApp\TPApp\Application\Services\SearchService.cs(363,24): warning CS8619: Nullability of reference types in value of type 'List<AISearchResultGroup?>' doesn't match target type 'List<AISearchResultGroup>'. [D:\2026\Techport\TPApp\TPApp\TPApp.csproj]
D:\2026\Techport\TPApp\TPApp\ViewComponents\SellerMenuItemsViewComponent.cs(20,49): warning CS1998: This async method lacks 'await' operators and will run synchronously. Consider using the 'await' operator to await non-blocking API calls, or 'await Task.Run(...)' to do CPU-bound work on a background thread. [D:\2026\Techport\TPApp\TPApp\TPApp.csproj]
D:\2026\Techport\TPApp\TPApp\Controllers\TimKiemDoiTacController.cs(65,30): warning CS8601: Possible null reference assignment. [D:\2026\Techport\TPApp\TPApp\TPApp.csproj]
D:\2026\Techport\TPApp\TPApp\Controllers\TimKiemDoiTacController.cs(66,28): warning CS8601: Possible null reference assignment. [D:\2026\Techport\TPApp\TPApp\TPApp.csproj]
D:\2026\Techport\TPApp\TPApp\Controllers\TimKiemDoiTacController.cs(67,28): warning CS8601: Possible null reference assignment. [D:\2026\Techport\TPApp\TPApp\TPApp.csproj]
D:\2026\Techport\TPApp\TPApp\Controllers\TimKiemDoiTacController.cs(68,26): warning CS8601: Possible null reference assignment. [D:\2026\Techport\TPApp\TPApp\TPApp.csproj]
D:\2026\Techport\TPApp\TPApp\Controllers\TimKiemDoiTacController.cs(69,25): warning CS8601: Possible null reference assignment. [D:\2026\Techport\TPApp\TPApp\TPApp.csproj]
D:\2026\Techport\TPApp\TPApp\Controllers\TimKiemDoiTacController.cs(70,25): warning CS8601: Possible null reference assignment. [D:\2026\Techport\TPApp\TPApp\TPApp.csproj]
D:\2026\Techport\TPApp\TPApp\Controllers\TimKiemDoiTacController.cs(71,24): warning CS8601: Possible null reference assignment. [D:\2026\Techport\TPApp\TPApp\TPApp.csproj]
D:\2026\Techport\TPApp\TPApp\Controllers\TimKiemDoiTacController.cs(72,28): warning CS8601: Possible null reference assignment. [D:\2026\Techport\TPApp\TPApp\TPApp.csproj]
D:\2026\Techport\TPApp\TPApp\Controllers\TimKiemDoiTacController.cs(96,34): warning CS8601: Possible null reference assignment. [D:\2026\Techport\TPApp\TPApp\TPApp.csproj]
D:\2026\Techport\TPApp\TPApp\Controllers\TimKiemDoiTacController.cs(97,32): warning CS8601: Possible null reference assignment. [D:\2026\Techport\TPApp\TPApp\TPApp.csproj]
D:\2026\Techport\TPApp\TPApp\Controllers\TimKiemDoiTacController.cs(114,29): warning CS8601: Possible null reference assignment. [D:\2026\Techport\TPApp\TPApp\TPApp.csproj]
D:\2026\Techport\TPApp\TPApp\Controllers\AcceptanceController.cs(81,57): warning CS8629: Nullable value type may be null. [D:\2026\Techport\TPApp\TPApp\TPApp.csproj]
D:\2026\Techport\TPApp\TPApp\Controllers\AccountController.cs(107,103): warning CS8604: Possible null reference argument for parameter 'hashedPassword' in 'PasswordVerificationResult IPasswordHasher<ApplicationUser>.VerifyHashedPassword(ApplicationUser user, string hashedPassword, string providedPassword)'. [D:\2026\Techport\TPApp\TPApp\TPApp.csproj]
D:\2026\Techport\TPApp\TPApp\Controllers\AccountController.cs(117,67): warning CS8604: Possible null reference argument for parameter 'value' in 'void SessionExtensions.SetString(ISession session, string key, string value)'. [D:\2026\Techport\TPApp\TPApp\TPApp.csproj]
D:\2026\Techport\TPApp\TPApp\Controllers\AdvancePaymentController.cs(123,57): warning CS8629: Nullable value type may be null. [D:\2026\Techport\TPApp\TPApp\TPApp.csproj]
D:\2026\Techport\TPApp\TPApp\Controllers\TimKiemDoiTacController.cs(155,34): warning CS8601: Possible null reference assignment. [D:\2026\Techport\TPApp\TPApp\TPApp.csproj]
D:\2026\Techport\TPApp\TPApp\Controllers\TimKiemDoiTacController.cs(156,32): warning CS8601: Possible null reference assignment. [D:\2026\Techport\TPApp\TPApp\TPApp.csproj]
D:\2026\Techport\TPApp\TPApp\Controllers\TimKiemDoiTacController.cs(183,33): warning CS8601: Possible null reference assignment. [D:\2026\Techport\TPApp\TPApp\TPApp.csproj]
D:\2026\Techport\TPApp\TPApp\Controllers\AccountController.cs(152,99): warning CS8604: Possible null reference argument for parameter 'hashedPassword' in 'PasswordVerificationResult IPasswordHasher<ApplicationUser>.VerifyHashedPassword(ApplicationUser user, string hashedPassword, string providedPassword)'. [D:\2026\Techport\TPApp\TPApp\TPApp.csproj]
D:\2026\Techport\TPApp\TPApp\Controllers\AccountController.cs(162,63): warning CS8604: Possible null reference argument for parameter 'value' in 'void SessionExtensions.SetString(ISession session, string key, string value)'. [D:\2026\Techport\TPApp\TPApp\TPApp.csproj]
D:\2026\Techport\TPApp\TPApp\Services\ProductService.cs(65,46): warning CS8602: Dereference of a possibly null reference. [D:\2026\Techport\TPApp\TPApp\TPApp.csproj]
D:\2026\Techport\TPApp\TPApp\Controllers\TimKiemDoiTacController.cs(213,25): warning CS8602: Dereference of a possibly null reference. [D:\2026\Techport\TPApp\TPApp\TPApp.csproj]
D:\2026\Techport\TPApp\TPApp\Controllers\TimKiemDoiTacController.cs(221,38): warning CS8601: Possible null reference assignment. [D:\2026\Techport\TPApp\TPApp\TPApp.csproj]
D:\2026\Techport\TPApp\TPApp\Controllers\TimKiemDoiTacController.cs(222,36): warning CS8601: Possible null reference assignment. [D:\2026\Techport\TPApp\TPApp\TPApp.csproj]
D:\2026\Techport\TPApp\TPApp\Controllers\TimKiemDoiTacController.cs(235,29): warning CS8601: Possible null reference assignment. [D:\2026\Techport\TPApp\TPApp\TPApp.csproj]
D:\2026\Techport\TPApp\TPApp\Controllers\TiemLucKHCNController.cs(38,21): warning CS8602: Dereference of a possibly null reference. [D:\2026\Techport\TPApp\TPApp\TPApp.csproj]
D:\2026\Techport\TPApp\TPApp\Controllers\TiemLucKHCNController.cs(39,21): warning CS8602: Dereference of a possibly null reference. [D:\2026\Techport\TPApp\TPApp\TPApp.csproj]
D:\2026\Techport\TPApp\TPApp\Controllers\DichVuTuVanController.cs(77,32): warning CS8601: Possible null reference assignment. [D:\2026\Techport\TPApp\TPApp\TPApp.csproj]
D:\2026\Techport\TPApp\TPApp\Controllers\DichVuTuVanController.cs(90,25): warning CS8602: Dereference of a possibly null reference. [D:\2026\Techport\TPApp\TPApp\TPApp.csproj]
D:\2026\Techport\TPApp\TPApp\Services\ESignGateway.cs(106,36): warning CS1998: This async method lacks 'await' operators and will run synchronously. Consider using the 'await' operator to await non-blocking API calls, or 'await Task.Run(...)' to do CPU-bound work on a background thread. [D:\2026\Techport\TPApp\TPApp\TPApp.csproj]
D:\2026\Techport\TPApp\TPApp\Controllers\EContractController.cs(121,57): warning CS8629: Nullable value type may be null. [D:\2026\Techport\TPApp\TPApp\TPApp.csproj]
D:\2026\Techport\TPApp\TPApp\Controllers\DichVuTuVanController.cs(163,32): warning CS8601: Possible null reference assignment. [D:\2026\Techport\TPApp\TPApp\TPApp.csproj]
D:\2026\Techport\TPApp\TPApp\Controllers\EContractController.cs(171,40): warning CS8602: Dereference of a possibly null reference. [D:\2026\Techport\TPApp\TPApp\TPApp.csproj]
D:\2026\Techport\TPApp\TPApp\Controllers\EContractController.cs(210,40): warning CS8602: Dereference of a possibly null reference. [D:\2026\Techport\TPApp\TPApp\TPApp.csproj]
D:\2026\Techport\TPApp\TPApp\Controllers\DichVuTuVanController.cs(336,28): warning CS8601: Possible null reference assignment. [D:\2026\Techport\TPApp\TPApp\TPApp.csproj]
D:\2026\Techport\TPApp\TPApp\Entities\StoredProcedures\uspPortletCountTichcuu_Result.cs(5,23): warning CS8618: Non-nullable property 'FullName' must contain a non-null value when exiting constructor. Consider adding the 'required' modifier or declaring the property as nullable. [D:\2026\Techport\TPApp\TPApp\TPApp.csproj]
D:\2026\Techport\TPApp\TPApp\Entities\StoredProcedures\uspPortletCountTichcuuTraloi_Result.cs(5,23): warning CS8618: Non-nullable property 'Name' must contain a non-null value when exiting constructor. Consider adding the 'required' modifier or declaring the property as nullable. [D:\2026\Techport\TPApp\TPApp\TPApp.csproj]
D:\2026\Techport\TPApp\TPApp\Views\Home\_YeuCauCongNghe.cshtml(16,35): warning CS8602: Dereference of a possibly null reference. [D:\2026\Techport\TPApp\TPApp\TPApp.csproj]
D:\2026\Techport\TPApp\TPApp\Views\Home\_YeuCauCongNghe.cshtml(51,35): warning CS8602: Dereference of a possibly null reference. [D:\2026\Techport\TPApp\TPApp\TPApp.csproj]
D:\2026\Techport\TPApp\TPApp\Views\Home\_YeuCauCongNghe.cshtml(116,35): warning CS8602: Dereference of a possibly null reference. [D:\2026\Techport\TPApp\TPApp\TPApp.csproj]
D:\2026\Techport\TPApp\TPApp\Views\Shared\_Header.cshtml(6,20): warning CS8602: Dereference of a possibly null reference. [D:\2026\Techport\TPApp\TPApp\TPApp.csproj]
D:\2026\Techport\TPApp\TPApp\Views\Home\_TinSuKien.cshtml(44,44): warning CS8604: Possible null reference argument for parameter 'source' in 'TinSuKienItemVm? Enumerable.FirstOrDefault<TinSuKienItemVm>(IEnumerable<TinSuKienItemVm> source)'. [D:\2026\Techport\TPApp\TPApp\TPApp.csproj]
D:\2026\Techport\TPApp\TPApp\Views\Shared\_Footer.cshtml(3,9): warning CS0219: The variable 'MainDomain' is assigned but its value is never used [D:\2026\Techport\TPApp\TPApp\TPApp.csproj]
D:\2026\Techport\TPApp\TPApp\Controllers\DichVuTuVanController.cs(457,28): warning CS8601: Possible null reference assignment. [D:\2026\Techport\TPApp\TPApp\TPApp.csproj]
D:\2026\Techport\TPApp\TPApp\Entities\NhaTuVan.cs(13,23): warning CS8618: Non-nullable property 'FullName' must contain a non-null value when exiting constructor. Consider adding the 'required' modifier or declaring the property as nullable. [D:\2026\Techport\TPApp\TPApp\TPApp.csproj]
D:\2026\Techport\TPApp\TPApp\Entities\NhaTuVan.cs(20,23): warning CS8618: Non-nullable property 'DateOfBirth' must contain a non-null value when exiting constructor. Consider adding the 'required' modifier or declaring the property as nullable. [D:\2026\Techport\TPApp\TPApp\TPApp.csproj]
D:\2026\Techport\TPApp\TPApp\Entities\NhaTuVan.cs(25,23): warning CS8618: Non-nullable property 'DiaChi' must contain a non-null value when exiting constructor. Consider adding the 'required' modifier or declaring the property as nullable. [D:\2026\Techport\TPApp\TPApp\TPApp.csproj]
D:\2026\Techport\TPApp\TPApp\Entities\NhaTuVan.cs(28,23): warning CS8618: Non-nullable property 'Phone' must contain a non-null value when exiting constructor. Consider adding the 'required' modifier or declaring the property as nullable. [D:\2026\Techport\TPApp\TPApp\TPApp.csproj]
D:\2026\Techport\TPApp\TPApp\Entities\NhaTuVan.cs(51,23): warning CS8618: Non-nullable property 'Domain' must contain a non-null value when exiting constructor. Consider adding the 'required' modifier or declaring the property as nullable. [D:\2026\Techport\TPApp\TPApp\TPApp.csproj]
D:\2026\Techport\TPApp\TPApp\Controllers\HandoverController.cs(81,57): warning CS8629: Nullable value type may be null. [D:\2026\Techport\TPApp\TPApp\TPApp.csproj]
D:\2026\Techport\TPApp\TPApp\Controllers\ForumController.cs(103,47): warning CS8604: Possible null reference argument for parameter 'strVal' in 'string ForumController.DateToString(object strVal, string strFormat = "mm/dd/yyyy")'. [D:\2026\Techport\TPApp\TPApp\TPApp.csproj]
D:\2026\Techport\TPApp\TPApp\Controllers\ForumController.cs(163,29): warning CS8601: Possible null reference assignment. [D:\2026\Techport\TPApp\TPApp\TPApp.csproj]
D:\2026\Techport\TPApp\TPApp\Controllers\ForumController.cs(165,34): warning CS8601: Possible null reference assignment. [D:\2026\Techport\TPApp\TPApp\TPApp.csproj]
D:\2026\Techport\TPApp\TPApp\Controllers\ForumController.cs(167,29): warning CS8601: Possible null reference assignment. [D:\2026\Techport\TPApp\TPApp\TPApp.csproj]
D:\2026\Techport\TPApp\TPApp\Controllers\ForumController.cs(168,29): warning CS8601: Possible null reference assignment. [D:\2026\Techport\TPApp\TPApp\TPApp.csproj]
D:\2026\Techport\TPApp\TPApp\Controllers\ForumController.cs(190,29): warning CS8601: Possible null reference assignment. [D:\2026\Techport\TPApp\TPApp\TPApp.csproj]
D:\2026\Techport\TPApp\TPApp\Views\Shared\_AdminAccountLayout.cshtml(43,63): warning CS8602: Dereference of a possibly null reference. [D:\2026\Techport\TPApp\TPApp\TPApp.csproj]
D:\2026\Techport\TPApp\TPApp\Views\Product\Index.cshtml(130,125): warning CS8604: Possible null reference argument for parameter 'currency' in 'string AppHtmlHelper.FormatCurrencyOto(IHtmlHelper html, string? value, string currency)'. [D:\2026\Techport\TPApp\TPApp\TPApp.csproj]
D:\2026\Techport\TPApp\TPApp\Controllers\ImplementationLogController.cs(140,57): warning CS8629: Nullable value type may be null. [D:\2026\Techport\TPApp\TPApp\TPApp.csproj]
D:\2026\Techport\TPApp\TPApp\Controllers\RFQController.cs(77,53): warning CS8629: Nullable value type may be null. [D:\2026\Techport\TPApp\TPApp\TPApp.csproj]
D:\2026\Techport\TPApp\TPApp\Controllers\ForumController.cs(326,25): warning CS8601: Possible null reference assignment. [D:\2026\Techport\TPApp\TPApp\TPApp.csproj]
D:\2026\Techport\TPApp\TPApp\Controllers\ForumController.cs(344,25): warning CS8601: Possible null reference assignment. [D:\2026\Techport\TPApp\TPApp\TPApp.csproj]
D:\2026\Techport\TPApp\TPApp\Controllers\ForumController.cs(376,29): warning CS8601: Possible null reference assignment. [D:\2026\Techport\TPApp\TPApp\TPApp.csproj]
D:\2026\Techport\TPApp\TPApp\Controllers\RFQController.cs(144,41): warning CS8629: Nullable value type may be null. [D:\2026\Techport\TPApp\TPApp\TPApp.csproj]
D:\2026\Techport\TPApp\TPApp\Views\Shared\Components\QuangCaoLeft\Default.cshtml(11,27): warning CS8602: Dereference of a possibly null reference. [D:\2026\Techport\TPApp\TPApp\TPApp.csproj]
D:\2026\Techport\TPApp\TPApp\Controllers\ForumController.cs(451,29): warning CS8601: Possible null reference assignment. [D:\2026\Techport\TPApp\TPApp\TPApp.csproj]
D:\2026\Techport\TPApp\TPApp\Controllers\ForumController.cs(453,31): warning CS8601: Possible null reference assignment. [D:\2026\Techport\TPApp\TPApp\TPApp.csproj]
D:\2026\Techport\TPApp\TPApp\Controllers\ForumController.cs(454,45): warning CS8604: Possible null reference argument for parameter 'strVal' in 'string ForumController.DateToString(object strVal, string strFormat = "mm/dd/yyyy")'. [D:\2026\Techport\TPApp\TPApp\TPApp.csproj]
D:\2026\Techport\TPApp\TPApp\Controllers\ProposalController.cs(171,57): warning CS8629: Nullable value type may be null. [D:\2026\Techport\TPApp\TPApp\TPApp.csproj]
D:\2026\Techport\TPApp\TPApp\Controllers\ForumController.cs(478,28): warning CS8600: Converting null literal or possible null value to non-nullable type. [D:\2026\Techport\TPApp\TPApp\TPApp.csproj]
D:\2026\Techport\TPApp\TPApp\Controllers\ForumController.cs(482,27): warning CS8602: Dereference of a possibly null reference. [D:\2026\Techport\TPApp\TPApp\TPApp.csproj]
D:\2026\Techport\TPApp\TPApp\Controllers\ForumController.cs(560,30): warning CS8629: Nullable value type may be null. [D:\2026\Techport\TPApp\TPApp\TPApp.csproj]
D:\2026\Techport\TPApp\TPApp\Controllers\ForumController.cs(566,45): warning CS8604: Possible null reference argument for parameter 'strVal' in 'string ForumController.DateToString(object strVal, string strFormat = "mm/dd/yyyy")'. [D:\2026\Techport\TPApp\TPApp\TPApp.csproj]
D:\2026\Techport\TPApp\TPApp\Controllers\ProductController.cs(111,50): warning CS8604: Possible null reference argument for parameter 'categoryIds' in 'string ProductController.GetCategoryTitle(string categoryIds)'. [D:\2026\Techport\TPApp\TPApp\TPApp.csproj]
D:\2026\Techport\TPApp\TPApp\Controllers\NhucaucongngheController.cs(102,42): warning CS8602: Dereference of a possibly null reference. [D:\2026\Techport\TPApp\TPApp\TPApp.csproj]
D:\2026\Techport\TPApp\TPApp\Controllers\ForumController.cs(597,30): warning CS8629: Nullable value type may be null. [D:\2026\Techport\TPApp\TPApp\TPApp.csproj]
D:\2026\Techport\TPApp\TPApp\Controllers\ForumController.cs(604,45): warning CS8604: Possible null reference argument for parameter 'strVal' in 'string ForumController.DateToString(object strVal, string strFormat = "mm/dd/yyyy")'. [D:\2026\Techport\TPApp\TPApp\TPApp.csproj]
D:\2026\Techport\TPApp\TPApp\Controllers\NDAController.cs(81,53): warning CS8629: Nullable value type may be null. [D:\2026\Techport\TPApp\TPApp\TPApp.csproj]
D:\2026\Techport\TPApp\TPApp\Controllers\NewsController.cs(156,33): warning CS8601: Possible null reference assignment. [D:\2026\Techport\TPApp\TPApp\TPApp.csproj]
D:\2026\Techport\TPApp\TPApp\Controllers\MenusController.cs(47,21): warning CS8602: Dereference of a possibly null reference. [D:\2026\Techport\TPApp\TPApp\TPApp.csproj]
D:\2026\Techport\TPApp\TPApp\Controllers\ProductController.cs(141,31): warning CS8601: Possible null reference assignment. [D:\2026\Techport\TPApp\TPApp\TPApp.csproj]
D:\2026\Techport\TPApp\TPApp\Controllers\LiquidationController.cs(125,57): warning CS8629: Nullable value type may be null. [D:\2026\Techport\TPApp\TPApp\TPApp.csproj]
D:\2026\Techport\TPApp\TPApp\Controllers\NewsController.cs(213,29): warning CS8601: Possible null reference assignment. [D:\2026\Techport\TPApp\TPApp\TPApp.csproj]
D:\2026\Techport\TPApp\TPApp\Controllers\NewsController.cs(214,35): warning CS8601: Possible null reference assignment. [D:\2026\Techport\TPApp\TPApp\TPApp.csproj]
D:\2026\Techport\TPApp\TPApp\Controllers\ProductController.cs(149,240): warning CS8601: Possible null reference assignment. [D:\2026\Techport\TPApp\TPApp\TPApp.csproj]
D:\2026\Techport\TPApp\TPApp\Controllers\ProductController.cs(153,183): warning CS8601: Possible null reference assignment. [D:\2026\Techport\TPApp\TPApp\TPApp.csproj]
D:\2026\Techport\TPApp\TPApp\Controllers\NhucaucongngheController.cs(247,30): warning CS8629: Nullable value type may be null. [D:\2026\Techport\TPApp\TPApp\TPApp.csproj]
D:\2026\Techport\TPApp\TPApp\Controllers\NhucaucongngheController.cs(251,30): warning CS8629: Nullable value type may be null. [D:\2026\Techport\TPApp\TPApp\TPApp.csproj]
D:\2026\Techport\TPApp\TPApp\Controllers\NhucaucongngheController.cs(296,69): warning CS8629: Nullable value type may be null. [D:\2026\Techport\TPApp\TPApp\TPApp.csproj]
D:\2026\Techport\TPApp\TPApp\Controllers\NhucaucongngheController.cs(307,30): warning CS8629: Nullable value type may be null. [D:\2026\Techport\TPApp\TPApp\TPApp.csproj]
D:\2026\Techport\TPApp\TPApp\Controllers\ProductController.cs(184,29): warning CS8601: Possible null reference assignment. [D:\2026\Techport\TPApp\TPApp\TPApp.csproj]
D:\2026\Techport\TPApp\TPApp\Controllers\ProductController.cs(185,28): warning CS8601: Possible null reference assignment. [D:\2026\Techport\TPApp\TPApp\TPApp.csproj]
D:\2026\Techport\TPApp\TPApp\Controllers\ProductController.cs(200,32): warning CS8601: Possible null reference assignment. [D:\2026\Techport\TPApp\TPApp\TPApp.csproj]
D:\2026\Techport\TPApp\TPApp\Controllers\ProductController.cs(201,32): warning CS8601: Possible null reference assignment. [D:\2026\Techport\TPApp\TPApp\TPApp.csproj]
D:\2026\Techport\TPApp\TPApp\Controllers\ProductController.cs(212,88): warning CS8601: Possible null reference assignment. [D:\2026\Techport\TPApp\TPApp\TPApp.csproj]
D:\2026\Techport\TPApp\TPApp\Services\ApplicationUserStore.cs(22,35): warning CS1998: This async method lacks 'await' operators and will run synchronously. Consider using the 'await' operator to await non-blocking API calls, or 'await Task.Run(...)' to do CPU-bound work on a background thread. [D:\2026\Techport\TPApp\TPApp\TPApp.csproj]
D:\2026\Techport\TPApp\TPApp\Services\ApplicationUserStore.cs(27,36): warning CS1998: This async method lacks 'await' operators and will run synchronously. Consider using the 'await' operator to await non-blocking API calls, or 'await Task.Run(...)' to do CPU-bound work on a background thread. [D:\2026\Techport\TPApp\TPApp\TPApp.csproj]
D:\2026\Techport\TPApp\TPApp\Services\ApplicationUserStore.cs(32,27): warning CS1998: This async method lacks 'await' operators and will run synchronously. Consider using the 'await' operator to await non-blocking API calls, or 'await Task.Run(...)' to do CPU-bound work on a background thread. [D:\2026\Techport\TPApp\TPApp\TPApp.csproj]
D:\2026\Techport\TPApp\TPApp\Services\ApplicationUserStore.cs(37,36): warning CS1998: This async method lacks 'await' operators and will run synchronously. Consider using the 'await' operator to await non-blocking API calls, or 'await Task.Run(...)' to do CPU-bound work on a background thread. [D:\2026\Techport\TPApp\TPApp\TPApp.csproj]
D:\2026\Techport\TPApp\TPApp\Services\ApplicationUserStore.cs(42,27): warning CS1998: This async method lacks 'await' operators and will run synchronously. Consider using the 'await' operator to await non-blocking API calls, or 'await Task.Run(...)' to do CPU-bound work on a background thread. [D:\2026\Techport\TPApp\TPApp\TPApp.csproj]
D:\2026\Techport\TPApp\TPApp\Services\ApplicationUserStore.cs(94,27): warning CS1998: This async method lacks 'await' operators and will run synchronously. Consider using the 'await' operator to await non-blocking API calls, or 'await Task.Run(...)' to do CPU-bound work on a background thread. [D:\2026\Techport\TPApp\TPApp\TPApp.csproj]
D:\2026\Techport\TPApp\TPApp\Services\ApplicationUserStore.cs(99,36): warning CS1998: This async method lacks 'await' operators and will run synchronously. Consider using the 'await' operator to await non-blocking API calls, or 'await Task.Run(...)' to do CPU-bound work on a background thread. [D:\2026\Techport\TPApp\TPApp\TPApp.csproj]
D:\2026\Techport\TPApp\TPApp\Services\ApplicationUserStore.cs(104,33): warning CS1998: This async method lacks 'await' operators and will run synchronously. Consider using the 'await' operator to await non-blocking API calls, or 'await Task.Run(...)' to do CPU-bound work on a background thread. [D:\2026\Techport\TPApp\TPApp\TPApp.csproj]
D:\2026\Techport\TPApp\TPApp\Services\ApplicationUserStore.cs(110,27): warning CS1998: This async method lacks 'await' operators and will run synchronously. Consider using the 'await' operator to await non-blocking API calls, or 'await Task.Run(...)' to do CPU-bound work on a background thread. [D:\2026\Techport\TPApp\TPApp\TPApp.csproj]
D:\2026\Techport\TPApp\TPApp\Services\ApplicationUserStore.cs(115,36): warning CS1998: This async method lacks 'await' operators and will run synchronously. Consider using the 'await' operator to await non-blocking API calls, or 'await Task.Run(...)' to do CPU-bound work on a background thread. [D:\2026\Techport\TPApp\TPApp\TPApp.csproj]
D:\2026\Techport\TPApp\TPApp\Services\ApplicationUserStore.cs(120,33): warning CS1998: This async method lacks 'await' operators and will run synchronously. Consider using the 'await' operator to await non-blocking API calls, or 'await Task.Run(...)' to do CPU-bound work on a background thread. [D:\2026\Techport\TPApp\TPApp\TPApp.csproj]
D:\2026\Techport\TPApp\TPApp\Services\ApplicationUserStore.cs(125,27): warning CS1998: This async method lacks 'await' operators and will run synchronously. Consider using the 'await' operator to await non-blocking API calls, or 'await Task.Run(...)' to do CPU-bound work on a background thread. [D:\2026\Techport\TPApp\TPApp\TPApp.csproj]
D:\2026\Techport\TPApp\TPApp\Services\ApplicationUserStore.cs(135,36): warning CS1998: This async method lacks 'await' operators and will run synchronously. Consider using the 'await' operator to await non-blocking API calls, or 'await Task.Run(...)' to do CPU-bound work on a background thread. [D:\2026\Techport\TPApp\TPApp\TPApp.csproj]
D:\2026\Techport\TPApp\TPApp\Services\ApplicationUserStore.cs(140,27): warning CS1998: This async method lacks 'await' operators and will run synchronously. Consider using the 'await' operator to await non-blocking API calls, or 'await Task.Run(...)' to do CPU-bound work on a background thread. [D:\2026\Techport\TPApp\TPApp\TPApp.csproj]
D:\2026\Techport\TPApp\TPApp\Controllers\ProjectController.cs(837,41): warning CS8620: Argument of type 'Dictionary<string, string>' cannot be used for parameter 'dictionary' of type 'IReadOnlyDictionary<string, string?>' in 'string? CollectionExtensions.GetValueOrDefault<string, string?>(IReadOnlyDictionary<string, string?> dictionary, string key, string? defaultValue)' due to differences in the nullability of reference types. [D:\2026\Techport\TPApp\TPApp\TPApp.csproj]
D:\2026\Techport\TPApp\TPApp\Controllers\ProjectController.cs(838,33): warning CS8620: Argument of type 'Dictionary<string, string>' cannot be used for parameter 'dictionary' of type 'IReadOnlyDictionary<string, string?>' in 'string? CollectionExtensions.GetValueOrDefault<string, string?>(IReadOnlyDictionary<string, string?> dictionary, string key, string? defaultValue)' due to differences in the nullability of reference types. [D:\2026\Techport\TPApp\TPApp\TPApp.csproj]
D:\2026\Techport\TPApp\TPApp\Controllers\ProjectController.cs(859,34): warning CS8620: Argument of type 'Dictionary<string, string>' cannot be used for parameter 'dictionary' of type 'IReadOnlyDictionary<string, string?>' in 'string? CollectionExtensions.GetValueOrDefault<string, string?>(IReadOnlyDictionary<string, string?> dictionary, string key, string? defaultValue)' due to differences in the nullability of reference types. [D:\2026\Techport\TPApp\TPApp\TPApp.csproj]
D:\2026\Techport\TPApp\TPApp\Controllers\ProjectController.cs(860,34): warning CS8620: Argument of type 'Dictionary<string, string>' cannot be used for parameter 'dictionary' of type 'IReadOnlyDictionary<string, string?>' in 'string? CollectionExtensions.GetValueOrDefault<string, string?>(IReadOnlyDictionary<string, string?> dictionary, string key, string? defaultValue)' due to differences in the nullability of reference types. [D:\2026\Techport\TPApp\TPApp\TPApp.csproj]
D:\2026\Techport\TPApp\TPApp\Controllers\ProjectController.cs(905,37): warning CS8620: Argument of type 'Dictionary<string, string>' cannot be used for parameter 'dictionary' of type 'IReadOnlyDictionary<string, string?>' in 'string? CollectionExtensions.GetValueOrDefault<string, string?>(IReadOnlyDictionary<string, string?> dictionary, string key, string? defaultValue)' due to differences in the nullability of reference types. [D:\2026\Techport\TPApp\TPApp\TPApp.csproj]
D:\2026\Techport\TPApp\TPApp\Controllers\ProjectController.cs(920,41): warning CS8620: Argument of type 'Dictionary<string, string>' cannot be used for parameter 'dictionary' of type 'IReadOnlyDictionary<string, string?>' in 'string? CollectionExtensions.GetValueOrDefault<string, string?>(IReadOnlyDictionary<string, string?> dictionary, string key, string? defaultValue)' due to differences in the nullability of reference types. [D:\2026\Techport\TPApp\TPApp\TPApp.csproj]
D:\2026\Techport\TPApp\TPApp\Controllers\ProjectController.cs(921,38): warning CS8620: Argument of type 'Dictionary<string, string>' cannot be used for parameter 'dictionary' of type 'IReadOnlyDictionary<string, string?>' in 'string? CollectionExtensions.GetValueOrDefault<string, string?>(IReadOnlyDictionary<string, string?> dictionary, string key, string? defaultValue)' due to differences in the nullability of reference types. [D:\2026\Techport\TPApp\TPApp\TPApp.csproj]
D:\2026\Techport\TPApp\TPApp\Controllers\ProjectController.cs(922,30): warning CS8620: Argument of type 'Dictionary<string, string>' cannot be used for parameter 'dictionary' of type 'IReadOnlyDictionary<string, string?>' in 'string? CollectionExtensions.GetValueOrDefault<string, string?>(IReadOnlyDictionary<string, string?> dictionary, string key, string? defaultValue)' due to differences in the nullability of reference types. [D:\2026\Techport\TPApp\TPApp\TPApp.csproj]
D:\2026\Techport\TPApp\TPApp\Controllers\ProjectController.cs(952,39): warning CS8620: Argument of type 'Dictionary<string, string>' cannot be used for parameter 'dictionary' of type 'IReadOnlyDictionary<string, string?>' in 'string? CollectionExtensions.GetValueOrDefault<string, string?>(IReadOnlyDictionary<string, string?> dictionary, string key, string? defaultValue)' due to differences in the nullability of reference types. [D:\2026\Techport\TPApp\TPApp\TPApp.csproj]
D:\2026\Techport\TPApp\TPApp\Controllers\ProjectController.cs(953,39): warning CS8620: Argument of type 'Dictionary<string, string>' cannot be used for parameter 'dictionary' of type 'IReadOnlyDictionary<string, string?>' in 'string? CollectionExtensions.GetValueOrDefault<string, string?>(IReadOnlyDictionary<string, string?> dictionary, string key, string? defaultValue)' due to differences in the nullability of reference types. [D:\2026\Techport\TPApp\TPApp\TPApp.csproj]
D:\2026\Techport\TPApp\TPApp\Controllers\ProjectController.cs(954,35): warning CS8620: Argument of type 'Dictionary<string, string>' cannot be used for parameter 'dictionary' of type 'IReadOnlyDictionary<string, string?>' in 'string? CollectionExtensions.GetValueOrDefault<string, string?>(IReadOnlyDictionary<string, string?> dictionary, string key, string? defaultValue)' due to differences in the nullability of reference types. [D:\2026\Techport\TPApp\TPApp\TPApp.csproj]
D:\2026\Techport\TPApp\TPApp\Controllers\ProjectController.cs(955,32): warning CS8620: Argument of type 'Dictionary<string, string>' cannot be used for parameter 'dictionary' of type 'IReadOnlyDictionary<string, string?>' in 'string? CollectionExtensions.GetValueOrDefault<string, string?>(IReadOnlyDictionary<string, string?> dictionary, string key, string? defaultValue)' due to differences in the nullability of reference types. [D:\2026\Techport\TPApp\TPApp\TPApp.csproj]
D:\2026\Techport\TPApp\TPApp\Controllers\ProjectController.cs(956,32): warning CS8620: Argument of type 'Dictionary<string, string>' cannot be used for parameter 'dictionary' of type 'IReadOnlyDictionary<string, string?>' in 'string? CollectionExtensions.GetValueOrDefault<string, string?>(IReadOnlyDictionary<string, string?> dictionary, string key, string? defaultValue)' due to differences in the nullability of reference types. [D:\2026\Techport\TPApp\TPApp\TPApp.csproj]
D:\2026\Techport\TPApp\TPApp\Controllers\ProjectController.cs(977,31): warning CS8620: Argument of type 'Dictionary<string, string>' cannot be used for parameter 'dictionary' of type 'IReadOnlyDictionary<string, string?>' in 'string? CollectionExtensions.GetValueOrDefault<string, string?>(IReadOnlyDictionary<string, string?> dictionary, string key, string? defaultValue)' due to differences in the nullability of reference types. [D:\2026\Techport\TPApp\TPApp\TPApp.csproj]
D:\2026\Techport\TPApp\TPApp\Views\Project\Workflow.cshtml(52,46): warning CS8600: Converting null literal or possible null value to non-nullable type. [D:\2026\Techport\TPApp\TPApp\TPApp.csproj]
D:\2026\Techport\TPApp\TPApp\Views\Project\Workflow.cshtml(53,46): warning CS8600: Converting null literal or possible null value to non-nullable type. [D:\2026\Techport\TPApp\TPApp\TPApp.csproj]
D:\2026\Techport\TPApp\TPApp\Views\Project\Workflow.cshtml(54,46): warning CS8600: Converting null literal or possible null value to non-nullable type. [D:\2026\Techport\TPApp\TPApp\TPApp.csproj]
D:\2026\Techport\TPApp\TPApp\Views\Project\Workflow.cshtml(55,46): warning CS8600: Converting null literal or possible null value to non-nullable type. [D:\2026\Techport\TPApp\TPApp\TPApp.csproj]
D:\2026\Techport\TPApp\TPApp\Views\Project\Workflow.cshtml(56,46): warning CS8600: Converting null literal or possible null value to non-nullable type. [D:\2026\Techport\TPApp\TPApp\TPApp.csproj]
D:\2026\Techport\TPApp\TPApp\Views\Project\Workflow.cshtml(57,46): warning CS8600: Converting null literal or possible null value to non-nullable type. [D:\2026\Techport\TPApp\TPApp\TPApp.csproj]
D:\2026\Techport\TPApp\TPApp\Views\Project\Workflow.cshtml(58,46): warning CS8600: Converting null literal or possible null value to non-nullable type. [D:\2026\Techport\TPApp\TPApp\TPApp.csproj]
D:\2026\Techport\TPApp\TPApp\Views\Project\Workflow.cshtml(59,46): warning CS8600: Converting null literal or possible null value to non-nullable type. [D:\2026\Techport\TPApp\TPApp\TPApp.csproj]
D:\2026\Techport\TPApp\TPApp\Views\Project\Workflow.cshtml(60,46): warning CS8600: Converting null literal or possible null value to non-nullable type. [D:\2026\Techport\TPApp\TPApp\TPApp.csproj]
D:\2026\Techport\TPApp\TPApp\Views\Project\Workflow.cshtml(61,47): warning CS8600: Converting null literal or possible null value to non-nullable type. [D:\2026\Techport\TPApp\TPApp\TPApp.csproj]
D:\2026\Techport\TPApp\TPApp\Views\Project\Workflow.cshtml(62,47): warning CS8600: Converting null literal or possible null value to non-nullable type. [D:\2026\Techport\TPApp\TPApp\TPApp.csproj]
    179 Warning(s)
    0 Error(s)

Time Elapsed 00:00:24.97
